{"time":"2026-08-10T12:53:12.1032932+05:30","level":"INFO","msg":"design pipeline enabled (storage=s3.ap-south-1.amazonaws.com, queue=river)"}
{"time":"2026-08-10T12:53:12.108174+05:30","level":"INFO","msg":"Tensor-Core listening on :8001 (env=development)"}
{"time":"2026-08-10T12:53:20.6794469+05:30","level":"INFO","msg":"request","request_id":"75b39555-4d26-4c6e-9c29-27ade3989b90","method":"GET","path":"/batches","status":401,"latency":507300}
{"time":"2026-08-10T12:53:37.092305+05:30","level":"INFO","msg":"request","request_id":"778391f6-6ec8-4b79-9ede-cd362401d8ba","method":"GET","path":"/batches/00000000-0000-0000-0000-000000000000/compatible-jobs","status":401,"latency":0}
{"time":"2026-08-10T12:56:48.4755601+05:30","level":"INFO","msg":"request","request_id":"8abdca5e-5002-4e1a-aecf-050708ce5303","method":"GET","path":"/brands","status":200,"latency":1162494400}
{"time":"2026-08-10T12:56:48.7868592+05:30","level":"INFO","msg":"request","request_id":"d505c015-5f1e-4bbb-b0b3-89742c0176ee","method":"GET","path":"/brands","status":200,"latency":63772900}
{"time":"2026-08-10T12:56:49.9259083+05:30","level":"INFO","msg":"request","request_id":"baed8f8d-fab5-43dd-b99f-65e82c8eda6f","method":"GET","path":"/brands","status":200,"latency":1596404700}
{"time":"2026-08-10T12:56:50.2644487+05:30","level":"INFO","msg":"request","request_id":"0dddf08d-f1ec-45eb-9ee3-457727898782","method":"GET","path":"/batches/fcd3be6c-359f-4931-88cb-c7be78721d39","status":200,"latency":1811487900}
{"time":"2026-08-10T12:56:50.4059181+05:30","level":"INFO","msg":"request","request_id":"01af86e8-0541-4fb5-b55e-ed90c3363960","method":"GET","path":"/machines","status":200,"latency":134003400}
{"time":"2026-08-10T12:56:51.8513489+05:30","level":"INFO","msg":"request","request_id":"7ea6defe-5460-4fab-b067-493c02d8c325","method":"GET","path":"/production-jobs","status":200,"latency":1580836700}
{"time":"2026-08-10T12:56:54.821444+05:30","level":"INFO","msg":"request","request_id":"78a02720-99a5-4221-901d-c4933f3d7f7a","method":"GET","path":"/brands","status":200,"latency":527338700}
{"time":"2026-08-10T12:56:55.4023659+05:30","level":"INFO","msg":"request","request_id":"922d5375-e9ab-4531-b471-b0ecefca554c","method":"GET","path":"/internal/users/9iC0klb5e7mrFbnLaBizae5MEiobDqC5/authz","status":200,"latency":675526400}
{"time":"2026-08-10T12:56:55.4250278+05:30","level":"INFO","msg":"request","request_id":"fc55b8bb-ae6a-46b6-923b-97bf383e5f4f","method":"GET","path":"/brands","status":200,"latency":155515500}
{"time":"2026-08-10T12:56:55.6358921+05:30","level":"INFO","msg":"request","request_id":"30cd0c28-a412-4df7-b057-c08ed1a64989","method":"GET","path":"/brands","status":200,"latency":73405900}
{"time":"2026-08-10T12:56:56.6653152+05:30","level":"INFO","msg":"request","request_id":"81cb2c2e-0b3d-4548-962b-578c928e9097","method":"GET","path":"/internal/users/9iC0klb5e7mrFbnLaBizae5MEiobDqC5/authz","status":200,"latency":1534645000}
{"time":"2026-08-10T12:56:57.2310544+05:30","level":"INFO","msg":"request","request_id":"ffec49fa-8c8d-4977-bb3d-62878b38e0a3","method":"GET","path":"/batches/fcd3be6c-359f-4931-88cb-c7be78721d39","status":200,"latency":1610901600}
{"time":"2026-08-10T12:56:57.7100652+05:30","level":"INFO","msg":"request","request_id":"4f43e359-cfc7-4ed7-9d07-895f44a3143f","method":"GET","path":"/internal/users/9iC0klb5e7mrFbnLaBizae5MEiobDqC5/authz","status":200,"latency":462912300}
{"time":"2026-08-10T12:56:57.9426429+05:30","level":"INFO","msg":"request","request_id":"afb1a8b6-465d-4872-9dee-94205b8424e0","method":"GET","path":"/batches/fcd3be6c-359f-4931-88cb-c7be78721d39","status":200,"latency":1143017000}
{"time":"2026-08-10T12:56:58.031164+05:30","level":"INFO","msg":"request","request_id":"2ae8dafa-48da-41e0-93f6-ec3c8b783a47","method":"GET","path":"/machines","status":200,"latency":74108400}
{"time":"2026-08-10T12:56:58.0366706+05:30","level":"INFO","msg":"request","request_id":"2624815d-514a-4cf2-ae13-992b139daa8c","method":"GET","path":"/batches/fcd3be6c-359f-4931-88cb-c7be78721d39","status":200,"latency":1230533200}
{"time":"2026-08-10T12:56:58.1537684+05:30","level":"INFO","msg":"request","request_id":"526d9d69-78e3-47ea-90e1-087ad852803b","method":"GET","path":"/machines","status":200,"latency":904517300}
{"time":"2026-08-10T12:56:58.3598541+05:30","level":"INFO","msg":"request","request_id":"60c5b899-d011-46bf-99cb-d10284899b49","method":"GET","path":"/brands","status":200,"latency":1206531600}
{"time":"2026-08-10T12:56:58.5360457+05:30","level":"INFO","msg":"request","request_id":"2b719317-41be-4be1-b1fe-f3421ffc9297","method":"GET","path":"/production-jobs","status":200,"latency":491424700}
{"time":"2026-08-10T12:56:58.6147264+05:30","level":"INFO","msg":"request","request_id":"b7c36da8-6723-4ca2-8e18-ef91b0e297b8","method":"GET","path":"/machines","status":200,"latency":1353121300}
{"time":"2026-08-10T12:56:58.6858828+05:30","level":"INFO","msg":"request","request_id":"75e9d2bc-c333-4e05-8038-33d2af959303","method":"GET","path":"/batches/fcd3be6c-359f-4931-88cb-c7be78721d39","status":200,"latency":584399300}
{"time":"2026-08-10T12:56:58.7905071+05:30","level":"INFO","msg":"request","request_id":"b8de4cad-0bbe-432d-aca5-372f699982f2","method":"GET","path":"/production-jobs","status":200,"latency":837620900}
{"time":"2026-08-10T12:56:59.0550662+05:30","level":"INFO","msg":"request","request_id":"9ec519d0-f005-4ec1-a902-22ee17050185","method":"GET","path":"/production-jobs","status":200,"latency":1805815100}
{"time":"2026-08-10T12:56:59.1240964+05:30","level":"INFO","msg":"request","request_id":"e355a27f-dd04-48e8-9535-0ce483329a68","method":"GET","path":"/machines","status":200,"latency":379102500}
{"time":"2026-08-10T12:56:59.4823919+05:30","level":"INFO","msg":"request","request_id":"18025f42-5d87-4391-a168-61ffe7673b37","method":"GET","path":"/production-jobs","status":200,"latency":738567300}
{"time":"2026-08-10T12:56:59.5774839+05:30","level":"INFO","msg":"request","request_id":"54514c27-7eab-4222-8ba8-afb20122b733","method":"GET","path":"/production-jobs","status":200,"latency":2315878800}
{"time":"2026-08-10T12:56:59.9656693+05:30","level":"INFO","msg":"request","request_id":"fe2762bf-1b74-4371-aed7-587d0e8a8798","method":"GET","path":"/batches/fcd3be6c-359f-4931-88cb-c7be78721d39","status":200,"latency":3034965000}
{"time":"2026-08-10T12:57:00.3899427+05:30","level":"INFO","msg":"request","request_id":"69dce3be-33dd-4c9d-9586-e86d79d46731","method":"GET","path":"/internal/users/9iC0klb5e7mrFbnLaBizae5MEiobDqC5/authz","status":500,"latency":3532766600}
{"time":"2026-08-10T12:57:01.1191607+05:30","level":"INFO","msg":"request","request_id":"f3104ddb-c27b-42ad-9433-d9a73563351c","method":"GET","path":"/brands","status":200,"latency":144421300}
{"time":"2026-08-10T12:57:01.2526594+05:30","level":"INFO","msg":"request","request_id":"f3cb446d-5e3e-4c39-a179-ffde35ff9cd5","method":"GET","path":"/brands","status":200,"latency":145100800}
{"time":"2026-08-10T12:57:01.322294+05:30","level":"INFO","msg":"request","request_id":"14e088ae-63e8-4c5b-9d71-0befebd83a81","method":"GET","path":"/internal/users/9iC0klb5e7mrFbnLaBizae5MEiobDqC5/authz","status":200,"latency":362043100}
{"time":"2026-08-10T12:57:01.5599624+05:30","level":"INFO","msg":"request","request_id":"ce343ae5-9ec7-4399-84e7-1a30ed771dad","method":"GET","path":"/brands","status":200,"latency":149209200}
{"time":"2026-08-10T12:57:02.3542668+05:30","level":"INFO","msg":"request","request_id":"20bb4bc8-ea11-495a-bf04-ea961cbb8c75","method":"GET","path":"/brands","status":200,"latency":147509600}
{"time":"2026-08-10T12:57:02.5988094+05:30","level":"INFO","msg":"request","request_id":"c1e5f880-3ad5-41e5-839b-8e942768b90d","method":"GET","path":"/internal/users/9iC0klb5e7mrFbnLaBizae5MEiobDqC5/authz","status":200,"latency":1165958500}
{"time":"2026-08-10T12:57:02.9822118+05:30","level":"INFO","msg":"request","request_id":"c86bc142-7cde-44d2-81a7-6b794fb5c44b","method":"GET","path":"/internal/users/9iC0klb5e7mrFbnLaBizae5MEiobDqC5/authz","status":200,"latency":147677600}
{"time":"2026-08-10T12:57:03.4791201+05:30","level":"INFO","msg":"request","request_id":"c4243757-e405-45ea-ac78-1526c6feaba6","method":"GET","path":"/internal/users/9iC0klb5e7mrFbnLaBizae5MEiobDqC5/authz","status":200,"latency":519845100}
{"time":"2026-08-10T12:57:03.6312895+05:30","level":"INFO","msg":"request","request_id":"ff45649e-e147-41a1-add5-83738efb01cf","method":"GET","path":"/batches/fcd3be6c-359f-4931-88cb-c7be78721d39","status":200,"latency":760866800}
{"time":"2026-08-10T12:57:03.7720599+05:30","level":"INFO","msg":"request","request_id":"8b205c59-4167-4816-8d54-b3edaa8d8966","method":"GET","path":"/batches/fcd3be6c-359f-4931-88cb-c7be78721d39","status":200,"latency":1969188500}
{"time":"2026-08-10T12:57:03.8555563+05:30","level":"INFO","msg":"request","request_id":"27476f7b-b7c5-4925-bf96-604cb31f1d05","method":"GET","path":"/machines","status":200,"latency":213431400}
{"time":"2026-08-10T12:57:04.1468991+05:30","level":"INFO","msg":"request","request_id":"f03c7ae5-1cfa-4059-a328-1e7db9340068","method":"GET","path":"/batches/fcd3be6c-359f-4931-88cb-c7be78721d39","status":200,"latency":525071800}
{"time":"2026-08-10T12:57:04.3109966+05:30","level":"INFO","msg":"request","request_id":"17088aca-8b89-4caf-8666-0de8df8e4353","method":"GET","path":"/machines","status":200,"latency":151320700}
{"time":"2026-08-10T12:57:04.387801+05:30","level":"INFO","msg":"request","request_id":"249103d2-98b6-4f3a-afb2-c0f0515f4d76","method":"GET","path":"/production-jobs","status":200,"latency":233123600}
{"time":"2026-08-10T12:57:04.5499825+05:30","level":"INFO","msg":"request","request_id":"990648b1-7761-4a3f-b191-d0ef225a6622","method":"GET","path":"/machines","status":200,"latency":768302300}
{"time":"2026-08-10T12:57:04.7810743+05:30","level":"INFO","msg":"request","request_id":"97cc3363-b758-4c71-8cfe-8f103d0b5cfa","method":"GET","path":"/batches/fcd3be6c-359f-4931-88cb-c7be78721d39/preview","status":200,"latency":1717757600}
{"time":"2026-08-10T12:57:04.8157524+05:30","level":"INFO","msg":"request","request_id":"de62cce0-01a4-4f2b-b6f3-1007efeb3262","method":"GET","path":"/internal/users/9iC0klb5e7mrFbnLaBizae5MEiobDqC5/authz","status":200,"latency":894050400}
{"time":"2026-08-10T12:57:05.0048432+05:30","level":"INFO","msg":"request","request_id":"d2650d45-4308-4bcd-952e-1a1b331439fd","method":"GET","path":"/production-jobs","status":200,"latency":1365041600}
{"time":"2026-08-10T12:57:05.3805322+05:30","level":"INFO","msg":"request","request_id":"d238b034-9b0f-441b-b8bf-0db36dfc3ff8","method":"GET","path":"/production-jobs","status":200,"latency":1600387700}
{"time":"2026-08-10T12:57:06.2157956+05:30","level":"INFO","msg":"request","request_id":"0372518a-bf4a-4cfc-b010-54cdfbcfbb45","method":"GET","path":"/batches/fcd3be6c-359f-4931-88cb-c7be78721d39/preview","status":200,"latency":1292069300}
{"time":"2026-08-10T12:57:06.5732152+05:30","level":"INFO","msg":"request","request_id":"dca364a6-00a5-4a02-837c-4b9cdb89d9ba","method":"GET","path":"/internal/users/9iC0klb5e7mrFbnLaBizae5MEiobDqC5/authz","status":200,"latency":159749100}
{"time":"2026-08-10T12:57:07.4807746+05:30","level":"INFO","msg":"request","request_id":"4f7ba744-d1b1-4896-9980-011e54891703","method":"GET","path":"/internal/users/9iC0klb5e7mrFbnLaBizae5MEiobDqC5/authz","status":200,"latency":146596900}
{"time":"2026-08-10T12:57:08.6927602+05:30","level":"INFO","msg":"request","request_id":"89daf309-bc16-4bff-b53f-43ac637ab36c","method":"GET","path":"/batches/fcd3be6c-359f-4931-88cb-c7be78721d39/preview","status":200,"latency":1133096900}
{"time":"2026-08-10T12:57:24.7203302+05:30","level":"INFO","msg":"request","request_id":"f49e7d28-0973-475c-81be-50e20fd4dfc9","method":"GET","path":"/brands","status":200,"latency":155046800}
{"time":"2026-08-10T12:57:24.799998+05:30","level":"INFO","msg":"request","request_id":"515ca6ab-0a57-4972-9e87-9d1b12798198","method":"GET","path":"/internal/users/9iC0klb5e7mrFbnLaBizae5MEiobDqC5/authz","status":200,"latency":989184300}
{"time":"2026-08-10T12:57:25.0288679+05:30","level":"INFO","msg":"request","request_id":"94b77b57-6047-43dc-aa41-ada3b440f631","method":"GET","path":"/internal/users/9iC0klb5e7mrFbnLaBizae5MEiobDqC5/authz","status":200,"latency":837790400}
{"time":"2026-08-10T12:57:25.2107681+05:30","level":"INFO","msg":"request","request_id":"d5286359-61e5-48b9-94d6-8fa59563186f","method":"GET","path":"/brands","status":200,"latency":758140300}
{"time":"2026-08-10T12:57:25.3810166+05:30","level":"INFO","msg":"request","request_id":"890c0540-92e5-4877-9809-49660d2e3163","method":"GET","path":"/batches/fcd3be6c-359f-4931-88cb-c7be78721d39","status":200,"latency":815733200}
{"time":"2026-08-10T12:57:25.4974312+05:30","level":"INFO","msg":"request","request_id":"c8c15fd7-0b80-4f9a-b827-64b8e575dbe7","method":"GET","path":"/brands","status":200,"latency":72644500}
{"time":"2026-08-10T12:57:25.5748762+05:30","level":"INFO","msg":"request","request_id":"c5e7c5ea-978f-4141-835f-77836b949df8","method":"GET","path":"/brands","status":200,"latency":143377900}
{"time":"2026-08-10T12:57:25.6671372+05:30","level":"INFO","msg":"request","request_id":"67ee81e4-035e-4b03-8604-9b91c888f22e","method":"GET","path":"/brands","status":200,"latency":2298701800}
{"time":"2026-08-10T12:57:25.84817+05:30","level":"INFO","msg":"request","request_id":"dd4d4d0e-2399-446e-add5-6bbd4e5e3f9a","method":"GET","path":"/machines","status":200,"latency":457629600}
{"time":"2026-08-10T12:57:25.9712737+05:30","level":"INFO","msg":"request","request_id":"a254f885-ffe5-4959-bcd4-a4e90bf021f1","method":"GET","path":"/batches/fcd3be6c-359f-4931-88cb-c7be78721d39","status":200,"latency":1041468900}
{"time":"2026-08-10T12:57:25.9760251+05:30","level":"INFO","msg":"request","request_id":"dd7e1d25-97d8-4096-836d-6882fa36d3ad","method":"GET","path":"/batches/fcd3be6c-359f-4931-88cb-c7be78721d39","status":200,"latency":829750000}
{"time":"2026-08-10T12:57:26.0840109+05:30","level":"INFO","msg":"request","request_id":"69bb810c-f7f1-4006-b7d6-857d63db9501","method":"GET","path":"/batches/fcd3be6c-359f-4931-88cb-c7be78721d39","status":200,"latency":516451200}
{"time":"2026-08-10T12:57:26.1308098+05:30","level":"INFO","msg":"request","request_id":"67292b77-2d65-4354-917d-f88ebd693762","method":"GET","path":"/machines","status":200,"latency":141788100}
{"time":"2026-08-10T12:57:26.2650683+05:30","level":"INFO","msg":"request","request_id":"f665885a-f335-4528-a76d-6ca195fa9e36","method":"GET","path":"/internal/users/9iC0klb5e7mrFbnLaBizae5MEiobDqC5/authz","status":200,"latency":2073990800}
{"time":"2026-08-10T12:57:26.3534282+05:30","level":"INFO","msg":"request","request_id":"d7e64d05-6e8e-42a4-836d-e8d26df31c78","method":"GET","path":"/production-jobs","status":200,"latency":963892900}
{"time":"2026-08-10T12:57:26.3798763+05:30","level":"INFO","msg":"request","request_id":"b7961b6b-3ad6-4440-ade8-743a4ad79d2d","method":"GET","path":"/internal/users/9iC0klb5e7mrFbnLaBizae5MEiobDqC5/authz","status":200,"latency":444226800}
{"time":"2026-08-10T12:57:26.7816546+05:30","level":"INFO","msg":"request","request_id":"95167c0a-478b-473f-9c2e-e5e9680a6102","method":"GET","path":"/batches/fcd3be6c-359f-4931-88cb-c7be78721d39","status":200,"latency":1138946300}
{"time":"2026-08-10T12:57:26.8112141+05:30","level":"INFO","msg":"request","request_id":"cbc08600-a2a1-4676-bfae-f92a154aa7dd","method":"GET","path":"/production-jobs","status":200,"latency":825665400}
{"time":"2026-08-10T12:57:27.1595456+05:30","level":"INFO","msg":"request","request_id":"b32862c8-f8c2-4116-8f32-a31b066da228","method":"GET","path":"/brands","status":200,"latency":143322900}
{"time":"2026-08-10T12:57:27.1623763+05:30","level":"INFO","msg":"request","request_id":"8510c9ef-7a7f-4905-985e-d1815519cd53","method":"GET","path":"/machines","status":200,"latency":1067989700}
{"time":"2026-08-10T12:57:27.2400483+05:30","level":"INFO","msg":"request","request_id":"5b7502d3-d404-4bb7-b5aa-7292f5a79381","method":"GET","path":"/production-jobs","status":200,"latency":1149009900}
{"time":"2026-08-10T12:57:27.3328727+05:30","level":"INFO","msg":"request","request_id":"a9e178d4-ca33-439d-8327-6605e875ae0b","method":"GET","path":"/batches/fcd3be6c-359f-4931-88cb-c7be78721d39","status":200,"latency":518883100}
{"time":"2026-08-10T12:57:27.4202778+05:30","level":"INFO","msg":"request","request_id":"98aec5b9-795d-4b39-a5c9-c993ad99b561","method":"GET","path":"/production-jobs","status":200,"latency":1442667700}
{"time":"2026-08-10T12:57:27.6114098+05:30","level":"INFO","msg":"request","request_id":"e8411930-5da7-4adb-9d75-9c42b6152ceb","method":"GET","path":"/production-jobs","status":200,"latency":823076200}
{"time":"2026-08-10T12:57:27.7618851+05:30","level":"INFO","msg":"request","request_id":"5c3c12a9-9149-4f97-9448-14ba22a8f150","method":"GET","path":"/internal/users/9iC0klb5e7mrFbnLaBizae5MEiobDqC5/authz","status":200,"latency":759686800}
{"time":"2026-08-10T12:57:27.816383+05:30","level":"INFO","msg":"request","request_id":"9834a60c-638c-49d6-a363-5ec0aeca6e7c","method":"GET","path":"/machines","status":200,"latency":455799200}
{"time":"2026-08-10T12:57:27.9471309+05:30","level":"INFO","msg":"request","request_id":"6273df14-5968-4bd2-b54c-a672dc417c59","method":"GET","path":"/brands","status":200,"latency":71255000}
{"time":"2026-08-10T12:57:28.0536513+05:30","level":"INFO","msg":"request","request_id":"38f93318-f3b4-4297-ba1b-37f69abb8556","method":"GET","path":"/internal/users/9iC0klb5e7mrFbnLaBizae5MEiobDqC5/authz","status":200,"latency":142261200}
{"time":"2026-08-10T12:57:28.187273+05:30","level":"INFO","msg":"request","request_id":"df2dedda-b548-49ef-a03e-8593a176c4f5","method":"GET","path":"/brands","status":200,"latency":382941400}
{"time":"2026-08-10T12:57:28.502797+05:30","level":"INFO","msg":"request","request_id":"5de29c24-5bd4-411a-add9-8e8dfd81ffc7","method":"GET","path":"/production-jobs","status":200,"latency":1143247100}
{"time":"2026-08-10T12:57:29.6904911+05:30","level":"INFO","msg":"request","request_id":"281f77a6-754d-47c7-8178-e24e03cf0298","method":"GET","path":"/batches/fcd3be6c-359f-4931-88cb-c7be78721d39","status":200,"latency":330107300}
{"time":"2026-08-10T12:57:29.6931123+05:30","level":"INFO","msg":"request","request_id":"271c629d-22ad-40e6-837c-a7331376443f","method":"GET","path":"/brands","status":200,"latency":448475300}
{"time":"2026-08-10T12:57:29.9988893+05:30","level":"INFO","msg":"request","request_id":"a53fc99c-0478-47e5-a32c-47703801806a","method":"GET","path":"/brands","status":200,"latency":761589000}
{"time":"2026-08-10T12:57:30.085565+05:30","level":"INFO","msg":"request","request_id":"700aa87e-4358-44a9-9fab-ec3dabaec5e4","method":"GET","path":"/machines","status":200,"latency":385390800}
{"time":"2026-08-10T12:57:30.2052543+05:30","level":"INFO","msg":"request","request_id":"e52c62bd-a64b-4bec-a0e0-c6efa46a13d3","method":"GET","path":"/internal/users/9iC0klb5e7mrFbnLaBizae5MEiobDqC5/authz","status":200,"latency":285853600}
{"time":"2026-08-10T12:57:30.219927+05:30","level":"INFO","msg":"request","request_id":"5e64d6a8-1714-4e28-8dc7-86892db34acc","method":"GET","path":"/production-jobs","status":200,"latency":521266100}
{"time":"2026-08-10T12:57:30.2600658+05:30","level":"INFO","msg":"request","request_id":"5ddfe66f-ba54-4635-9e0c-207ef7904e52","method":"GET","path":"/batches/fcd3be6c-359f-4931-88cb-c7be78721d39","status":200,"latency":902672700}
{"time":"2026-08-10T12:57:31.527973+05:30","level":"INFO","msg":"request","request_id":"e803e327-6f57-423a-a677-8c688d663bd9","method":"GET","path":"/internal/users/9iC0klb5e7mrFbnLaBizae5MEiobDqC5/authz","status":200,"latency":1737824400}
{"time":"2026-08-10T12:57:32.3361182+05:30","level":"INFO","msg":"request","request_id":"61235944-a4ea-4e89-bc99-cc23d65ac363","method":"GET","path":"/internal/users/9iC0klb5e7mrFbnLaBizae5MEiobDqC5/authz","status":200,"latency":979366800}
{"time":"2026-08-10T12:57:32.5386694+05:30","level":"INFO","msg":"request","request_id":"499184c3-3eab-42a8-945c-ee97fc075c85","method":"GET","path":"/batches/fcd3be6c-359f-4931-88cb-c7be78721d39/preview","status":200,"latency":625552200}
{"time":"2026-08-10T12:57:32.975982+05:30","level":"INFO","msg":"request","request_id":"29c67707-add0-456b-a4ea-daa6a5a82f3f","method":"GET","path":"/batches/fcd3be6c-359f-4931-88cb-c7be78721d39/preview","status":200,"latency":494600900}
{"time":"2026-08-10T12:57:33.3257085+05:30","level":"INFO","msg":"request","request_id":"dad6b592-b79c-4911-83b3-955ce99d680b","method":"GET","path":"/internal/users/9iC0klb5e7mrFbnLaBizae5MEiobDqC5/authz","status":200,"latency":143643300}
{"time":"2026-08-10T12:57:34.5260548+05:30","level":"INFO","msg":"request","request_id":"a3c44099-6f64-4a6e-adc4-465011420dfe","method":"GET","path":"/internal/users/9iC0klb5e7mrFbnLaBizae5MEiobDqC5/authz","status":200,"latency":516174700}
{"time":"2026-08-10T12:57:35.1405154+05:30","level":"INFO","msg":"request","request_id":"732e924f-ff1d-4a0d-a322-4ebb0632c3c5","method":"GET","path":"/batches/fcd3be6c-359f-4931-88cb-c7be78721d39/preview","status":200,"latency":534671900}
{"time":"2026-08-10T12:58:18.7666164+05:30","level":"INFO","msg":"request","request_id":"ad51a81b-7f66-4e3f-ae78-cb6af5efdfad","method":"GET","path":"/brands","status":200,"latency":599975300}
{"time":"2026-08-10T12:58:19.1555136+05:30","level":"INFO","msg":"request","request_id":"f7dd2199-ab4c-45ef-b2be-ad58a0e96837","method":"GET","path":"/brands","status":200,"latency":142447500}
{"time":"2026-08-10T12:58:19.2928532+05:30","level":"INFO","msg":"request","request_id":"0c134e21-670b-4009-9826-af0c2b475723","method":"GET","path":"/brands","status":200,"latency":143338300}
{"time":"2026-08-10T12:58:21.1746604+05:30","level":"INFO","msg":"request","request_id":"fccb8949-df53-4ad3-9b8c-c80720fde3e8","method":"GET","path":"/batches/fcd3be6c-359f-4931-88cb-c7be78721d39","status":200,"latency":2179780400}
{"time":"2026-08-10T12:58:21.3253687+05:30","level":"INFO","msg":"request","request_id":"7e2d84aa-6d1f-4d40-b088-b9dc11d387de","method":"GET","path":"/machines","status":200,"latency":143423400}
{"time":"2026-08-10T12:58:22.2929785+05:30","level":"INFO","msg":"request","request_id":"c7940139-d7a2-4869-943f-158aafda34a6","method":"GET","path":"/batches/fcd3be6c-359f-4931-88cb-c7be78721d39","status":200,"latency":844143600}
{"time":"2026-08-10T12:58:22.5222085+05:30","level":"INFO","msg":"request","request_id":"aeeeaacf-df63-42b4-be3e-728d34eecfdb","method":"GET","path":"/production-jobs","status":200,"latency":218916000}
{"time":"2026-08-10T12:58:22.7061542+05:30","level":"INFO","msg":"request","request_id":"8167b586-b01d-4ec8-a9f8-bd9bc4707a14","method":"GET","path":"/production-jobs","status":200,"latency":1525391300}
{"time":"2026-08-10T12:58:22.758216+05:30","level":"INFO","msg":"request","request_id":"75beb36b-80f4-4442-84d1-ef3adbc265cf","method":"GET","path":"/machines","status":200,"latency":451302300}
{"time":"2026-08-10T13:09:55.9656022+05:30","level":"INFO","msg":"request","request_id":"a392fd06-9b7f-47e1-ab70-dd1735e04b39","method":"GET","path":"/brands","status":200,"latency":527455500}
{"time":"2026-08-10T13:09:56.0838241+05:30","level":"INFO","msg":"request","request_id":"057cb161-cf69-4178-9b1c-25e117c6b64f","method":"GET","path":"/brands","status":200,"latency":608457500}
{"time":"2026-08-10T13:09:56.0838241+05:30","level":"INFO","msg":"request","request_id":"32b134ad-8777-48ee-b0d5-f0bc1f8c6229","method":"GET","path":"/brands","status":200,"latency":844556500}
{"time":"2026-08-10T13:09:56.7288021+05:30","level":"INFO","msg":"request","request_id":"b68c1109-f6c3-4c15-af7a-997d517a5a07","method":"GET","path":"/brands","status":200,"latency":73472400}
{"time":"2026-08-10T13:09:57.2370252+05:30","level":"INFO","msg":"request","request_id":"3fc397e5-2f5b-49db-a6e4-c4b7a0ec5618","method":"GET","path":"/batches/fcd3be6c-359f-4931-88cb-c7be78721d39","status":200,"latency":848044900}
{"time":"2026-08-10T13:09:57.3403535+05:30","level":"INFO","msg":"request","request_id":"51470f05-67d9-43e5-83ef-29bfee108bb4","method":"GET","path":"/machines","status":200,"latency":90204100}
{"time":"2026-08-10T13:09:57.7765084+05:30","level":"INFO","msg":"request","request_id":"699ae858-2f00-4365-8823-03d766670e82","method":"GET","path":"/production-jobs","status":200,"latency":527977100}
{"time":"2026-08-10T13:09:58.2906079+05:30","level":"INFO","msg":"request","request_id":"c02398b3-8b6b-4fa6-8b51-bae12383fd71","method":"GET","path":"/batches/fcd3be6c-359f-4931-88cb-c7be78721d39","status":200,"latency":2830177300}
{"time":"2026-08-10T13:09:58.6749462+05:30","level":"INFO","msg":"request","request_id":"d27aedaf-36ad-4954-8513-2863964c832c","method":"GET","path":"/machines","status":200,"latency":374394800}
{"time":"2026-08-10T13:10:01.27104+05:30","level":"INFO","msg":"request","request_id":"9c260b9b-12de-418c-92c8-b4c394b25376","method":"GET","path":"/production-jobs","status":200,"latency":2971530900}
{"time":"2026-08-10T13:14:24.6951043+05:30","level":"INFO","msg":"request","request_id":"d8630798-dbe0-43e3-86d2-825d929e67c5","method":"GET","path":"/internal/users/9iC0klb5e7mrFbnLaBizae5MEiobDqC5/authz","status":200,"latency":233909900}
{"time":"2026-08-10T13:14:24.8251817+05:30","level":"INFO","msg":"request","request_id":"e2b9bd0e-1d13-4718-82c8-e5606c0dd32b","method":"GET","path":"/internal/users/9iC0klb5e7mrFbnLaBizae5MEiobDqC5/authz","status":200,"latency":319330700}
{"time":"2026-08-10T13:14:25.1332898+05:30","level":"INFO","msg":"request","request_id":"e557fdb2-8260-4916-a773-930413e55b70","method":"GET","path":"/internal/users/9iC0klb5e7mrFbnLaBizae5MEiobDqC5/authz","status":200,"latency":144890800}
{"time":"2026-08-10T13:14:25.2738436+05:30","level":"INFO","msg":"request","request_id":"f87c4d5e-a758-4c80-b5c7-6cc9ad4f556d","method":"GET","path":"/internal/users/9iC0klb5e7mrFbnLaBizae5MEiobDqC5/authz","status":200,"latency":149587800}
{"time":"2026-08-10T13:14:25.4339135+05:30","level":"INFO","msg":"request","request_id":"a4178ea8-354d-45e4-be37-3cea2c4ae2bc","method":"GET","path":"/brands","status":200,"latency":72773900}
{"time":"2026-08-10T13:14:25.5192016+05:30","level":"INFO","msg":"request","request_id":"89f35145-2f9f-4dc9-a0ae-ac7a6de24f4d","method":"GET","path":"/batches/fcd3be6c-359f-4931-88cb-c7be78721d39","status":200,"latency":292206700}
{"time":"2026-08-10T13:14:25.7714861+05:30","level":"INFO","msg":"request","request_id":"2d46a830-e070-49a3-a2eb-2762721a6f34","method":"GET","path":"/machines","status":200,"latency":72627200}
{"time":"2026-08-10T13:14:25.8735608+05:30","level":"INFO","msg":"request","request_id":"d4dbf111-243e-4155-9ef8-389ce407056e","method":"GET","path":"/production-jobs","status":200,"latency":218174200}
{"time":"2026-08-10T13:14:25.8787938+05:30","level":"INFO","msg":"request","request_id":"9d7680ad-9b87-47d8-b26b-cf0622cdf0b0","method":"GET","path":"/internal/users/9iC0klb5e7mrFbnLaBizae5MEiobDqC5/authz","status":200,"latency":1372942800}
{"time":"2026-08-10T13:14:26.2120392+05:30","level":"INFO","msg":"request","request_id":"e8d96f8a-1731-4aff-9ed6-59e843d88a0c","method":"GET","path":"/brands","status":200,"latency":71649700}
{"time":"2026-08-10T13:14:28.4058978+05:30","level":"INFO","msg":"request","request_id":"9f6282a4-7b1c-4f55-b379-93dc46f3e51a","method":"GET","path":"/internal/users/9iC0klb5e7mrFbnLaBizae5MEiobDqC5/authz","status":200,"latency":223329200}
{"time":"2026-08-10T13:14:28.8812215+05:30","level":"INFO","msg":"request","request_id":"d9b39fe2-bf54-4552-b57c-f4a12ccb8460","method":"GET","path":"/internal/users/9iC0klb5e7mrFbnLaBizae5MEiobDqC5/authz","status":200,"latency":148409400}
{"time":"2026-08-10T13:14:30.0681483+05:30","level":"INFO","msg":"request","request_id":"93b05918-6220-4327-9427-c5a3b29e9ad6","method":"GET","path":"/batches/fcd3be6c-359f-4931-88cb-c7be78721d39/preview","status":200,"latency":793803600}
{"time":"2026-08-10T13:14:30.4235665+05:30","level":"INFO","msg":"request","request_id":"15e4fa79-3036-48b8-91ab-91e6585070bb","method":"GET","path":"/internal/users/9iC0klb5e7mrFbnLaBizae5MEiobDqC5/authz","status":200,"latency":144754900}
{"time":"2026-08-10T13:14:30.7960795+05:30","level":"INFO","msg":"request","request_id":"5a9cd082-136a-44dd-acdb-79e629c6bd87","method":"GET","path":"/internal/users/9iC0klb5e7mrFbnLaBizae5MEiobDqC5/authz","status":200,"latency":142689300}
{"time":"2026-08-10T13:14:31.4356766+05:30","level":"INFO","msg":"request","request_id":"79edcded-4511-4be3-ba69-92a9a9b6dc36","method":"GET","path":"/batches/fcd3be6c-359f-4931-88cb-c7be78721d39/preview","status":200,"latency":562212600}
{"time":"2026-08-10T13:15:32.0302351+05:30","level":"INFO","msg":"request","request_id":"fa2c8f57-0b07-41e5-b490-748b4c888e4f","method":"GET","path":"/brands","status":200,"latency":524967300}
{"time":"2026-08-10T13:15:32.1578606+05:30","level":"INFO","msg":"request","request_id":"eaf3c387-f6c4-4817-ad33-dc2d8b64f943","method":"GET","path":"/batches/fcd3be6c-359f-4931-88cb-c7be78721d39","status":200,"latency":370363900}
{"time":"2026-08-10T13:15:32.2452555+05:30","level":"INFO","msg":"request","request_id":"fd1ae3cd-d57a-444d-9c3f-fc2364a77a88","method":"GET","path":"/machines","status":200,"latency":74418200}
{"time":"2026-08-10T13:15:32.3880426+05:30","level":"INFO","msg":"request","request_id":"99acd999-0df2-4515-8f21-3d951637c528","method":"GET","path":"/production-jobs","status":200,"latency":220522000}
{"time":"2026-08-10T13:15:35.4111988+05:30","level":"INFO","msg":"request","request_id":"5a99231a-e56d-45d4-bd18-c24245e566a3","method":"GET","path":"/brands","status":200,"latency":144402700}
{"time":"2026-08-10T13:15:36.6895137+05:30","level":"INFO","msg":"request","request_id":"e6fd84e6-6768-4e25-80f3-bf8b07f8c651","method":"GET","path":"/brands","status":200,"latency":143490300}
{"time":"2026-08-10T13:15:38.5888275+05:30","level":"INFO","msg":"request","request_id":"ab84b9ae-ca54-4822-a3cc-4712dc839e70","method":"GET","path":"/batches/fcd3be6c-359f-4931-88cb-c7be78721d39","status":200,"latency":2137556900}
{"time":"2026-08-10T13:15:38.8590718+05:30","level":"INFO","msg":"request","request_id":"bb00931e-0973-4e2e-8a9c-1a72bcfc6a9b","method":"GET","path":"/machines","status":200,"latency":165686900}
{"time":"2026-08-10T13:15:38.9125642+05:30","level":"INFO","msg":"request","request_id":"a8081913-3536-434f-a340-0334cf67d1d9","method":"GET","path":"/production-jobs","status":200,"latency":253204800}
{"time":"2026-08-10T13:15:43.015989+05:30","level":"INFO","msg":"request","request_id":"42a7710c-4a27-45de-8fb1-90fb9f16728b","method":"GET","path":"/brands","status":200,"latency":143548000}
{"time":"2026-08-10T13:15:43.2903694+05:30","level":"INFO","msg":"request","request_id":"57ba34bb-0826-4641-a65b-7943c33d63a1","method":"GET","path":"/brands","status":200,"latency":858398600}
{"time":"2026-08-10T13:15:43.8521685+05:30","level":"INFO","msg":"request","request_id":"e64bad05-9c9c-496d-b37d-e43a14bb98c8","method":"GET","path":"/batches/fcd3be6c-359f-4931-88cb-c7be78721d39","status":200,"latency":213904500}
{"time":"2026-08-10T13:15:43.9330897+05:30","level":"INFO","msg":"request","request_id":"ac357cae-a3e7-4b6f-a9f1-78d544398edd","method":"GET","path":"/machines","status":200,"latency":71471600}
{"time":"2026-08-10T13:15:44.0902295+05:30","level":"INFO","msg":"request","request_id":"260cd7a0-4964-4fdb-af91-3122bb1eb63e","method":"GET","path":"/production-jobs","status":200,"latency":214150600}
{"time":"2026-08-10T13:15:55.0746737+05:30","level":"INFO","msg":"request","request_id":"ffe6f8cf-5bc8-48bb-a37e-0823249bf845","method":"GET","path":"/brands","status":200,"latency":144052700}
{"time":"2026-08-10T13:15:55.2790185+05:30","level":"INFO","msg":"request","request_id":"fd211f6f-e89a-4b29-b6f8-f9e0909e94cc","method":"GET","path":"/internal/users/9iC0klb5e7mrFbnLaBizae5MEiobDqC5/authz","status":200,"latency":143212700}
{"time":"2026-08-10T13:15:55.4351955+05:30","level":"INFO","msg":"request","request_id":"848506b7-cb4e-466a-bdbb-84886797c329","method":"GET","path":"/brands","status":200,"latency":73478400}
{"time":"2026-08-10T13:15:55.8893312+05:30","level":"INFO","msg":"request","request_id":"4e5b09a3-bcde-46c7-953f-8d86f63ba19c","method":"GET","path":"/batches/fcd3be6c-359f-4931-88cb-c7be78721d39","status":200,"latency":480108900}
{"time":"2026-08-10T13:15:55.9658976+05:30","level":"INFO","msg":"request","request_id":"1bdc09ac-cd14-44cc-923f-ecf5bc8e0cdb","method":"GET","path":"/internal/users/9iC0klb5e7mrFbnLaBizae5MEiobDqC5/authz","status":200,"latency":531209200}
{"time":"2026-08-10T13:15:56.0111639+05:30","level":"INFO","msg":"request","request_id":"cfb06e54-d632-4387-b39d-1a27a7384d8b","method":"GET","path":"/batches/fcd3be6c-359f-4931-88cb-c7be78721d39","status":200,"latency":523470400}
{"time":"2026-08-10T13:15:56.0341731+05:30","level":"INFO","msg":"request","request_id":"de31f51e-e509-4a92-bf62-968aafd69892","method":"GET","path":"/batches/fcd3be6c-359f-4931-88cb-c7be78721d39","status":200,"latency":599484700}
{"time":"2026-08-10T13:15:56.0606819+05:30","level":"INFO","msg":"request","request_id":"57e228d9-850c-4039-9820-d617d3348626","method":"GET","path":"/machines","status":200,"latency":151013700}
{"time":"2026-08-10T13:15:56.1275843+05:30","level":"INFO","msg":"request","request_id":"d096e00e-c261-4a34-a258-6faf238ca55f","method":"GET","path":"/production-jobs","status":200,"latency":217916100}
{"time":"2026-08-10T13:15:56.1311599+05:30","level":"INFO","msg":"request","request_id":"ac3b9573-bc5b-4135-b071-c93a6c0de14f","method":"GET","path":"/internal/users/9iC0klb5e7mrFbnLaBizae5MEiobDqC5/authz","status":200,"latency":363808500}
{"time":"2026-08-10T13:15:56.1638856+05:30","level":"INFO","msg":"request","request_id":"e1b50280-f5ff-4f8f-a1a2-a15fa20206ab","method":"GET","path":"/batches/fcd3be6c-359f-4931-88cb-c7be78721d39","status":200,"latency":287086900}
{"time":"2026-08-10T13:15:56.5834882+05:30","level":"INFO","msg":"request","request_id":"a81f5589-c186-439e-af05-f50ae0a6f2c0","method":"GET","path":"/machines","status":200,"latency":72642500}
{"time":"2026-08-10T13:15:56.5966153+05:30","level":"INFO","msg":"request","request_id":"bb28c97e-9eda-4c86-a93f-7912ba4ae4c2","method":"GET","path":"/machines","status":200,"latency":88289500}
{"time":"2026-08-10T13:15:56.8124292+05:30","level":"INFO","msg":"request","request_id":"571501e7-65a7-4971-80fe-95dc5fcef8b6","method":"GET","path":"/production-jobs","status":200,"latency":529483000}
{"time":"2026-08-10T13:15:56.85922+05:30","level":"INFO","msg":"request","request_id":"f7b51cb2-d10c-439f-816f-7e4079a655cc","method":"GET","path":"/internal/users/9iC0klb5e7mrFbnLaBizae5MEiobDqC5/authz","status":200,"latency":158559700}
{"time":"2026-08-10T13:15:56.8937098+05:30","level":"INFO","msg":"request","request_id":"c7f71bc0-8a37-4975-a9b7-d44067a1b112","method":"GET","path":"/brands","status":200,"latency":97352600}
{"time":"2026-08-10T13:15:56.8942153+05:30","level":"INFO","msg":"request","request_id":"a6e4f4cf-e185-43f7-a7d3-0bd3352efe2a","method":"GET","path":"/brands","status":200,"latency":93880800}
{"time":"2026-08-10T13:15:57.0266973+05:30","level":"INFO","msg":"request","request_id":"62efd0d4-d9a6-42c6-ad3f-80842791ea4f","method":"GET","path":"/batches/fcd3be6c-359f-4931-88cb-c7be78721d39","status":200,"latency":232854900}
{"time":"2026-08-10T13:15:57.0417449+05:30","level":"INFO","msg":"request","request_id":"a13fb5aa-639f-426c-9fee-9fb440a6efc3","method":"GET","path":"/production-jobs","status":200,"latency":532418300}
{"time":"2026-08-10T13:15:57.3597318+05:30","level":"INFO","msg":"request","request_id":"4fe7d209-2db0-42d2-a88c-878fb92a9bff","method":"GET","path":"/production-jobs","status":200,"latency":217184100}
{"time":"2026-08-10T13:15:57.4323066+05:30","level":"INFO","msg":"request","request_id":"fa701ede-8471-4ab8-9204-79ca1050f9b0","method":"GET","path":"/internal/users/9iC0klb5e7mrFbnLaBizae5MEiobDqC5/authz","status":200,"latency":144917900}
{"time":"2026-08-10T13:15:57.5118949+05:30","level":"INFO","msg":"request","request_id":"e00ece10-96ff-4155-8259-1abb9fdef2b2","method":"GET","path":"/batches/fcd3be6c-359f-4931-88cb-c7be78721d39","status":200,"latency":216981400}
{"time":"2026-08-10T13:15:57.5408971+05:30","level":"INFO","msg":"request","request_id":"f2c74945-f7e0-4a26-a245-b1496e75e7cc","method":"GET","path":"/machines","status":200,"latency":396729200}
{"time":"2026-08-10T13:15:57.9944134+05:30","level":"INFO","msg":"request","request_id":"b505a69b-9507-49e6-a0ae-ad048c394605","method":"GET","path":"/machines","status":200,"latency":143203600}
{"time":"2026-08-10T13:15:58.113656+05:30","level":"INFO","msg":"request","request_id":"86f762e5-0b03-4401-bac6-cad9a93b5eff","method":"GET","path":"/brands","status":200,"latency":98037300}
{"time":"2026-08-10T13:15:58.2909949+05:30","level":"INFO","msg":"request","request_id":"9e2b183d-4d77-42b0-8945-0b28037c6812","method":"GET","path":"/brands","status":200,"latency":91956700}
{"time":"2026-08-10T13:15:58.4391309+05:30","level":"INFO","msg":"request","request_id":"8656268d-4362-4e9b-abdc-15ffa8ad24d6","method":"GET","path":"/internal/users/9iC0klb5e7mrFbnLaBizae5MEiobDqC5/authz","status":200,"latency":238684100}
{"time":"2026-08-10T13:15:58.4629765+05:30","level":"INFO","msg":"request","request_id":"ac08d7da-b27e-4543-b87b-a7b1516f74da","method":"GET","path":"/production-jobs","status":200,"latency":613872000}
{"time":"2026-08-10T13:15:59.7294357+05:30","level":"INFO","msg":"request","request_id":"e49e4c58-c93f-4010-8288-f61c43a94de9","method":"GET","path":"/internal/users/9iC0klb5e7mrFbnLaBizae5MEiobDqC5/authz","status":200,"latency":771389300}
{"time":"2026-08-10T13:15:59.8087307+05:30","level":"INFO","msg":"request","request_id":"56fc58af-ab27-41df-bc08-d00d5a456694","method":"GET","path":"/batches/fcd3be6c-359f-4931-88cb-c7be78721d39","status":200,"latency":533954900}
{"time":"2026-08-10T13:16:00.0476705+05:30","level":"INFO","msg":"request","request_id":"dd26d023-a0f5-45cf-9627-8e62a9d8d7e5","method":"GET","path":"/production-jobs","status":200,"latency":228038400}
{"time":"2026-08-10T13:16:00.1938976+05:30","level":"INFO","msg":"request","request_id":"3d0412f4-abf0-4851-90be-b4b7c8e6e8f0","method":"GET","path":"/machines","status":200,"latency":372695800}
{"time":"2026-08-10T13:16:00.7250648+05:30","level":"INFO","msg":"request","request_id":"575bd57b-d31f-44e7-83cd-e9753c88c38f","method":"GET","path":"/batches/fcd3be6c-359f-4931-88cb-c7be78721d39/preview","status":200,"latency":899084700}
{"time":"2026-08-10T13:16:03.1567877+05:30","level":"INFO","msg":"request","request_id":"5c655dd3-4c6f-4197-8ae0-2d530d17581d","method":"GET","path":"/internal/users/9iC0klb5e7mrFbnLaBizae5MEiobDqC5/authz","status":200,"latency":217522100}
{"time":"2026-08-10T13:16:03.165586+05:30","level":"INFO","msg":"request","request_id":"054dccf0-53c4-45e9-8850-90160d7ebf56","method":"GET","path":"/internal/users/9iC0klb5e7mrFbnLaBizae5MEiobDqC5/authz","status":200,"latency":523793700}
{"time":"2026-08-10T13:16:03.4620208+05:30","level":"INFO","msg":"request","request_id":"f484a0e0-7a10-4fc6-85b5-ebcc7f1daf03","method":"GET","path":"/internal/users/9iC0klb5e7mrFbnLaBizae5MEiobDqC5/authz","status":200,"latency":833550100}
{"time":"2026-08-10T13:16:03.5743044+05:30","level":"INFO","msg":"request","request_id":"a64803ea-e8eb-4b75-9746-5ccaba51734d","method":"GET","path":"/internal/users/9iC0klb5e7mrFbnLaBizae5MEiobDqC5/authz","status":200,"latency":142808300}
{"time":"2026-08-10T13:16:03.8607582+05:30","level":"INFO","msg":"request","request_id":"695ef067-cba8-4018-b6f4-8a9173279b95","method":"GET","path":"/internal/users/9iC0klb5e7mrFbnLaBizae5MEiobDqC5/authz","status":200,"latency":143228700}
{"time":"2026-08-10T13:16:03.9454378+05:30","level":"INFO","msg":"request","request_id":"55b8f6dc-a9f5-42c8-bc50-55a7231c6a9b","method":"GET","path":"/brands","status":200,"latency":71219100}
{"time":"2026-08-10T13:16:03.9489797+05:30","level":"INFO","msg":"request","request_id":"723642ed-37fa-408c-9695-eab2dc11b8e4","method":"GET","path":"/batches/fcd3be6c-359f-4931-88cb-c7be78721d39","status":200,"latency":284871500}
{"time":"2026-08-10T13:16:04.0482796+05:30","level":"INFO","msg":"request","request_id":"54c5f94f-8bee-43cc-b238-8aaca9a2e2ea","method":"GET","path":"/brands","status":200,"latency":72555300}
{"time":"2026-08-10T13:16:04.0625024+05:30","level":"INFO","msg":"request","request_id":"c7a9ee23-0b47-468c-94d6-9272f08da8e6","method":"GET","path":"/machines","status":200,"latency":71774000}
{"time":"2026-08-10T13:16:04.5141021+05:30","level":"INFO","msg":"request","request_id":"e22216c8-cb35-4d05-aa26-181602b6a46b","method":"GET","path":"/production-jobs","status":200,"latency":527503800}
{"time":"2026-08-10T13:16:06.3466322+05:30","level":"INFO","msg":"request","request_id":"426122d6-703a-47b9-b086-83b6e3416a9a","method":"GET","path":"/internal/users/9iC0klb5e7mrFbnLaBizae5MEiobDqC5/authz","status":200,"latency":286101300}
{"time":"2026-08-10T13:16:06.7274651+05:30","level":"INFO","msg":"request","request_id":"5f7a6bd1-4968-4054-9b1d-23ea5ada9aa6","method":"GET","path":"/internal/users/9iC0klb5e7mrFbnLaBizae5MEiobDqC5/authz","status":200,"latency":143230900}
{"time":"2026-08-10T13:16:07.6056836+05:30","level":"INFO","msg":"request","request_id":"f4f29f7d-7184-4057-9843-df6a9eebab5d","method":"GET","path":"/batches/fcd3be6c-359f-4931-88cb-c7be78721d39/preview","status":200,"latency":800291600}
{"time":"2026-08-10T13:16:07.9578355+05:30","level":"INFO","msg":"request","request_id":"88741fee-d5d3-4b2a-be9e-51ba045449e6","method":"GET","path":"/internal/users/9iC0klb5e7mrFbnLaBizae5MEiobDqC5/authz","status":200,"latency":146261200}
{"time":"2026-08-10T13:16:08.3315869+05:30","level":"INFO","msg":"request","request_id":"2b2d273f-ff36-45b3-953a-6e748062dc07","method":"GET","path":"/internal/users/9iC0klb5e7mrFbnLaBizae5MEiobDqC5/authz","status":200,"latency":144276100}
{"time":"2026-08-10T13:16:09.0078966+05:30","level":"INFO","msg":"request","request_id":"6e947789-bcf6-40a1-be8d-53208a6108eb","method":"GET","path":"/batches/fcd3be6c-359f-4931-88cb-c7be78721d39/preview","status":200,"latency":599084300}
{"time":"2026-08-10T13:16:23.6519352+05:30","level":"INFO","msg":"request","request_id":"bab2a3b3-b177-4b27-aa73-986f67492475","method":"GET","path":"/internal/users/9iC0klb5e7mrFbnLaBizae5MEiobDqC5/authz","status":200,"latency":236247200}
{"time":"2026-08-10T13:16:24.0647552+05:30","level":"INFO","msg":"request","request_id":"c5020cf7-128e-4f65-a55e-496eef4a5b84","method":"GET","path":"/internal/users/9iC0klb5e7mrFbnLaBizae5MEiobDqC5/authz","status":200,"latency":144208400}
{"time":"2026-08-10T13:16:24.8241723+05:30","level":"INFO","msg":"request","request_id":"07554b0c-5d8a-411e-af97-e2f830107c31","method":"GET","path":"/batches/fcd3be6c-359f-4931-88cb-c7be78721d39/compatible-jobs","status":200,"latency":678512100}
{"time":"2026-08-10T13:16:25.3753721+05:30","level":"INFO","msg":"request","request_id":"20c6d570-edc2-4987-8d56-78e2f2a1b946","method":"GET","path":"/internal/users/9iC0klb5e7mrFbnLaBizae5MEiobDqC5/authz","status":200,"latency":211875000}
{"time":"2026-08-10T13:16:25.5789038+05:30","level":"INFO","msg":"request","request_id":"88dc98ba-01d7-4b46-b5d6-9b1133bb5c9d","method":"GET","path":"/internal/users/9iC0klb5e7mrFbnLaBizae5MEiobDqC5/authz","status":200,"latency":149383800}
{"time":"2026-08-10T13:16:25.8142587+05:30","level":"INFO","msg":"request","request_id":"3250bda0-3ddf-4eae-92a7-f0b0d174da9d","method":"GET","path":"/internal/users/9iC0klb5e7mrFbnLaBizae5MEiobDqC5/authz","status":200,"latency":368640900}
{"time":"2026-08-10T13:16:25.930906+05:30","level":"INFO","msg":"request","request_id":"85630205-bf3a-4b41-ad38-ca245d7576fe","method":"GET","path":"/brands","status":200,"latency":452401800}
{"time":"2026-08-10T13:16:26.3697886+05:30","level":"INFO","msg":"request","request_id":"6d74596b-fb48-4b5f-828f-9de727116606","method":"GET","path":"/internal/users/9iC0klb5e7mrFbnLaBizae5MEiobDqC5/authz","status":200,"latency":459109600}
{"time":"2026-08-10T13:16:26.5484484+05:30","level":"INFO","msg":"request","request_id":"0dc51767-b7f3-48d1-b3d4-fce32c8cd16c","method":"GET","path":"/brands","status":200,"latency":86557300}
{"time":"2026-08-10T13:16:27.5204144+05:30","level":"INFO","msg":"request","request_id":"83c4c11f-5cde-4366-bce8-f53c3ec15425","method":"GET","path":"/internal/users/9iC0klb5e7mrFbnLaBizae5MEiobDqC5/authz","status":200,"latency":147918300}
{"time":"2026-08-10T13:16:28.143051+05:30","level":"INFO","msg":"request","request_id":"cd1c2119-1fd8-4303-b4e4-71eb6f7127cb","method":"GET","path":"/batches/fcd3be6c-359f-4931-88cb-c7be78721d39","status":200,"latency":531249300}
{"time":"2026-08-10T13:16:28.2967014+05:30","level":"INFO","msg":"request","request_id":"fb368edc-4f81-4151-b85e-b9d7992df2f7","method":"GET","path":"/machines","status":200,"latency":143894100}
{"time":"2026-08-10T13:16:28.368023+05:30","level":"INFO","msg":"request","request_id":"d8ad7520-0ec4-42fa-b984-1fa661e33d13","method":"GET","path":"/production-jobs","status":200,"latency":216431400}
{"time":"2026-08-10T13:16:45.3448935+05:30","level":"INFO","msg":"request","request_id":"e5270f17-e3c7-48af-b393-bd9b6bb47a2e","method":"GET","path":"/internal/users/9iC0klb5e7mrFbnLaBizae5MEiobDqC5/authz","status":200,"latency":220197400}
{"time":"2026-08-10T13:16:45.7626627+05:30","level":"INFO","msg":"request","request_id":"ff062528-17ac-404d-a710-1120c53e4360","method":"GET","path":"/internal/users/9iC0klb5e7mrFbnLaBizae5MEiobDqC5/authz","status":200,"latency":146742200}
{"time":"2026-08-10T13:16:47.1890028+05:30","level":"INFO","msg":"request","request_id":"b47e1d7e-5e06-4691-ae1d-4e30c9eb77bd","method":"GET","path":"/orders","status":200,"latency":1334192000}
{"time":"2026-08-10T13:16:50.1077048+05:30","level":"INFO","msg":"request","request_id":"fbe92aba-ad13-4f6b-be87-9e45e66df706","method":"GET","path":"/internal/users/9iC0klb5e7mrFbnLaBizae5MEiobDqC5/authz","status":200,"latency":214780600}
{"time":"2026-08-10T13:16:51.1225656+05:30","level":"INFO","msg":"request","request_id":"21e8265c-6256-4ede-b2dc-e67f8f6f1d28","method":"GET","path":"/internal/users/9iC0klb5e7mrFbnLaBizae5MEiobDqC5/authz","status":200,"latency":448507400}
{"time":"2026-08-10T13:16:51.2854012+05:30","level":"INFO","msg":"request","request_id":"2f7a4d4a-4208-4695-a409-c67fbe47dffe","method":"GET","path":"/orders","status":200,"latency":73067000}
{"time":"2026-08-10T13:25:26.0975736+05:30","level":"INFO","msg":"request","request_id":"6173eec1-c843-44fd-bd3d-9e5ae7d80924","method":"GET","path":"/brands","status":200,"latency":223050000}
{"time":"2026-08-10T13:25:26.0980815+05:30","level":"INFO","msg":"request","request_id":"83863bdf-c928-44f5-b29e-8dd09c33eb12","method":"GET","path":"/brands","status":200,"latency":224291700}
{"time":"2026-08-10T13:25:26.3267744+05:30","level":"INFO","msg":"request","request_id":"c9c05694-7f1f-4435-ae9f-0c4ffcd2aacb","method":"GET","path":"/brands","status":200,"latency":74154000}
{"time":"2026-08-10T13:25:26.6338548+05:30","level":"INFO","msg":"request","request_id":"38de77c8-8887-4044-9433-6d9eba687d35","method":"GET","path":"/brands","status":200,"latency":381782500}
{"time":"2026-08-10T13:25:33.0568173+05:30","level":"INFO","msg":"request","request_id":"bca68dc5-4200-4046-8e3a-1e4d564c0550","method":"GET","path":"/brands","status":200,"latency":180476100}
{"time":"2026-08-10T13:25:33.1379547+05:30","level":"INFO","msg":"request","request_id":"199d1fae-e3c5-40f7-8c15-9a8dc02e71b0","method":"GET","path":"/internal/users/9iC0klb5e7mrFbnLaBizae5MEiobDqC5/authz","status":200,"latency":229661000}
{"time":"2026-08-10T13:25:54.4658008+05:30","level":"INFO","msg":"request","request_id":"e3bb79da-c86b-4657-a647-c39e47094c1f","method":"GET","path":"/internal/users/9iC0klb5e7mrFbnLaBizae5MEiobDqC5/authz","status":200,"latency":344221800}
{"time":"2026-08-10T13:25:54.7153537+05:30","level":"INFO","msg":"request","request_id":"bd3867bf-ee45-4ccb-872b-9a595feaeb6f","method":"GET","path":"/internal/users/9iC0klb5e7mrFbnLaBizae5MEiobDqC5/authz","status":200,"latency":615732200}
{"time":"2026-08-10T13:25:54.7609027+05:30","level":"INFO","msg":"request","request_id":"1a89a88d-bb78-44f7-8d0d-1284b58338ca","method":"GET","path":"/brands","status":401,"latency":1706700}
{"time":"2026-08-10T13:25:54.7609027+05:30","level":"INFO","msg":"request","request_id":"d3492356-4d66-4a06-9d53-27a05a50b02a","method":"GET","path":"/brands","status":401,"latency":1089200}
{"time":"2026-08-10T13:25:54.7609027+05:30","level":"INFO","msg":"request","request_id":"f9864ea3-5860-4377-a6db-c1b916567ffd","method":"GET","path":"/orders","status":401,"latency":1089200}
{"time":"2026-08-10T13:25:54.7615025+05:30","level":"INFO","msg":"request","request_id":"220ebba0-72f2-4ff1-83f4-7a7ae2ab5175","method":"GET","path":"/orders","status":401,"latency":0}
{"time":"2026-08-10T13:25:54.7625836+05:30","level":"INFO","msg":"request","request_id":"713d8316-3618-46f8-9621-ab56f9f15595","method":"GET","path":"/orders","status":401,"latency":0}
{"time":"2026-08-10T13:25:54.9057998+05:30","level":"INFO","msg":"request","request_id":"94e6d7a2-6cae-42e6-bf99-0e8c6e3afc4c","method":"GET","path":"/orders","status":200,"latency":184675600}
{"time":"2026-08-10T13:25:54.9109015+05:30","level":"INFO","msg":"request","request_id":"c195f68d-be43-4571-99dd-a929edada3ac","method":"GET","path":"/internal/users/9iC0klb5e7mrFbnLaBizae5MEiobDqC5/authz","status":200,"latency":149998800}
{"time":"2026-08-10T13:25:56.6164541+05:30","level":"INFO","msg":"request","request_id":"f01a26eb-7d93-4ea4-be33-c9939ee0526d","method":"GET","path":"/brands","status":200,"latency":215780600}
{"time":"2026-08-10T13:25:56.9252054+05:30","level":"INFO","msg":"request","request_id":"75f8408d-2535-47b2-b615-a7dcf86d92a7","method":"GET","path":"/orders","status":200,"latency":594963300}
{"time":"2026-08-10T13:25:57.213967+05:30","level":"INFO","msg":"request","request_id":"a7819c84-abd7-4cef-a359-3ea84deb31c3","method":"GET","path":"/brands","status":200,"latency":834412300}
{"time":"2026-08-10T13:25:58.3853878+05:30","level":"INFO","msg":"request","request_id":"5d9b3c23-50d4-4560-ac25-a9f53a11574e","method":"GET","path":"/brands","status":200,"latency":149337000}
{"time":"2026-08-10T13:25:58.4722929+05:30","level":"INFO","msg":"request","request_id":"f455aacb-174b-4a4e-82e9-c8a42f991a70","method":"GET","path":"/orders","status":200,"latency":72880100}
{"time":"2026-08-10T13:25:58.4799221+05:30","level":"INFO","msg":"request","request_id":"325ccaac-a7f1-435f-b262-6b2854669af0","method":"GET","path":"/brands","status":200,"latency":150287600}
{"time":"2026-08-10T13:25:59.2835206+05:30","level":"INFO","msg":"request","request_id":"4b3abcef-1c20-4ddf-96af-8795641bc46f","method":"GET","path":"/brands","status":200,"latency":72616700}
{"time":"2026-08-10T13:25:59.5054248+05:30","level":"INFO","msg":"request","request_id":"a09944b8-26db-4d17-a1fd-40b9bc8b188f","method":"GET","path":"/orders","status":200,"latency":288544700}
{"time":"2026-08-10T13:26:00.2078867+05:30","level":"INFO","msg":"request","request_id":"bad45157-8d70-4f8f-ba9a-855d096a791c","method":"GET","path":"/brands/testing-store/connections","status":200,"latency":628432800}
{"time":"2026-08-10T13:26:00.2078867+05:30","level":"INFO","msg":"request","request_id":"53cbe280-4cd7-4606-b7e9-9fc060fca74c","method":"GET","path":"/brands/testing-store/connections","status":200,"latency":657816100}
{"time":"2026-08-10T13:26:00.6250154+05:30","level":"INFO","msg":"request","request_id":"5a2a7d15-4b75-4e5f-9d71-e5031234c71e","method":"GET","path":"/orders","status":200,"latency":73895000}
{"time":"2026-08-10T13:26:00.6961553+05:30","level":"INFO","msg":"request","request_id":"7768c3ae-98ea-4aaf-9111-53eb1299de2c","method":"GET","path":"/internal/users/9iC0klb5e7mrFbnLaBizae5MEiobDqC5/authz","status":200,"latency":145034900}
{"time":"2026-08-10T13:26:00.6961553+05:30","level":"INFO","msg":"request","request_id":"fe8f862e-d83a-4541-8f7a-86a18ff3ea16","method":"GET","path":"/brands","status":200,"latency":142993900}
{"time":"2026-08-10T13:26:00.7171041+05:30","level":"INFO","msg":"request","request_id":"32a3ee73-8f34-4467-959a-60594f017c55","method":"GET","path":"/brands","status":200,"latency":150463700}
{"time":"2026-08-10T13:26:00.7753741+05:30","level":"INFO","msg":"request","request_id":"ef451fe9-2c70-4f2f-be43-4bbe20b46656","method":"GET","path":"/brands/testing-store/connections","status":200,"latency":144666900}
{"time":"2026-08-10T13:26:00.7815805+05:30","level":"INFO","msg":"request","request_id":"bb6218ce-6b81-42c1-b3cd-c81451178b59","method":"GET","path":"/internal/users/9iC0klb5e7mrFbnLaBizae5MEiobDqC5/authz","status":200,"latency":213313000}
{"time":"2026-08-10T13:26:00.7887279+05:30","level":"INFO","msg":"request","request_id":"d6bb854a-8813-4e66-88e3-a6d2802e63e7","method":"GET","path":"/internal/users/9iC0klb5e7mrFbnLaBizae5MEiobDqC5/authz","status":200,"latency":213225200}
{"time":"2026-08-10T13:26:00.7948441+05:30","level":"INFO","msg":"request","request_id":"751dcce3-0ef6-454b-b55c-79e7c008b7ab","method":"GET","path":"/integrations/shopify","status":200,"latency":218752500}
{"time":"2026-08-10T13:26:00.8845169+05:30","level":"INFO","msg":"request","request_id":"0dfc4fec-68e2-4e2d-a443-6b693fac9ade","method":"GET","path":"/internal/users/9iC0klb5e7mrFbnLaBizae5MEiobDqC5/authz","status":200,"latency":142888400}
{"time":"2026-08-10T13:26:00.9472865+05:30","level":"INFO","msg":"request","request_id":"b5731aec-de25-49e3-b2cc-b0fd0c25e368","method":"GET","path":"/brands","status":200,"latency":71212200}
{"time":"2026-08-10T13:26:01.0017685+05:30","level":"INFO","msg":"request","request_id":"cab3027a-1fdc-4e2b-a96f-f5e04ffe8101","method":"GET","path":"/brands","status":200,"latency":71343400}
{"time":"2026-08-10T13:26:01.230672+05:30","level":"INFO","msg":"request","request_id":"0323bd8c-526b-4790-9c07-61dfa006f13e","method":"GET","path":"/integrations/shopify","status":200,"latency":450200600}
{"time":"2026-08-10T13:26:01.2848514+05:30","level":"INFO","msg":"request","request_id":"22f64dab-00fd-4936-a5e0-d1fe2b97da71","method":"GET","path":"/brands/testing-store/connections","status":200,"latency":1303253800}
{"time":"2026-08-10T13:26:01.5755408+05:30","level":"INFO","msg":"request","request_id":"f1a99ca7-c300-424a-9452-3e662509177f","method":"GET","path":"/brands/testing-store/connections","status":200,"latency":2714340800}
{"time":"2026-08-10T13:26:01.9350843+05:30","level":"INFO","msg":"request","request_id":"6f85753d-ba7a-41d1-9af6-55ac216720c4","method":"GET","path":"/integrations/shopify","status":200,"latency":151496900}
{"time":"2026-08-10T13:26:01.9498224+05:30","level":"INFO","msg":"request","request_id":"c7bb9df0-3029-45c9-9dfc-260ebec44082","method":"GET","path":"/integrations/shopify","status":200,"latency":155358200}
{"time":"2026-08-10T13:26:02.2552388+05:30","level":"INFO","msg":"request","request_id":"5393cc15-3e21-4083-86b9-d5ee6b4c0958","method":"GET","path":"/brands","status":200,"latency":381848500}
{"time":"2026-08-10T13:26:02.5316604+05:30","level":"INFO","msg":"request","request_id":"3fd6173c-1910-4e19-b763-a9d2fe920901","method":"GET","path":"/brands","status":200,"latency":81937000}
{"time":"2026-08-10T13:26:02.8562698+05:30","level":"INFO","msg":"request","request_id":"5812d730-59f9-426b-8d34-04eecd080e46","method":"GET","path":"/orders","status":200,"latency":72407600}
{"time":"2026-08-10T13:26:03.3347802+05:30","level":"INFO","msg":"request","request_id":"fcbb6e5e-2c49-4c70-8743-f4af73db3620","method":"GET","path":"/brands/testing-store/connections","status":200,"latency":460346200}
{"time":"2026-08-10T13:26:03.4150646+05:30","level":"INFO","msg":"request","request_id":"a916d79a-66bf-4ddb-9e9f-70cef383dcaa","method":"GET","path":"/integrations/shopify","status":200,"latency":73691200}
{"time":"2026-08-10T13:26:03.4886061+05:30","level":"INFO","msg":"request","request_id":"ff652f7f-2733-462a-9df7-f85e1a2f2a44","method":"GET","path":"/brands/testing-store/connections","status":200,"latency":242477300}
{"time":"2026-08-10T13:26:03.5803578+05:30","level":"INFO","msg":"request","request_id":"89976f46-1e78-4c8a-8d79-65e0f38516ee","method":"GET","path":"/brands","status":200,"latency":202973500}
{"time":"2026-08-10T13:26:03.7613155+05:30","level":"INFO","msg":"request","request_id":"9825baa7-f4e9-4173-979a-8f44d6b0f0ff","method":"GET","path":"/integrations/shopify","status":200,"latency":3184681600}
{"time":"2026-08-10T13:26:04.2895391+05:30","level":"INFO","msg":"request","request_id":"d7b97dd9-a87b-4395-ac98-5b3577b96173","method":"GET","path":"/orders","status":200,"latency":72643300}
{"time":"2026-08-10T13:26:04.3273389+05:30","level":"INFO","msg":"request","request_id":"f198b8ad-ccac-44af-ac5e-37d51bb345c0","method":"GET","path":"/brands","status":200,"latency":72064900}
{"time":"2026-08-10T13:26:04.6613424+05:30","level":"INFO","msg":"request","request_id":"d5b3423a-bc04-4cc7-bbb8-11f55530d438","method":"GET","path":"/orders","status":200,"latency":143099100}
{"time":"2026-08-10T13:26:04.7527696+05:30","level":"INFO","msg":"request","request_id":"ff9bf0e1-b0b5-419a-810e-efc81d7d737a","method":"GET","path":"/brands/testing-store/connections","status":200,"latency":453903500}
{"time":"2026-08-10T13:26:04.8200028+05:30","level":"INFO","msg":"request","request_id":"97dfa64e-5521-4c8d-997f-d78a8a10369c","method":"GET","path":"/brands/testing-store/connections","status":200,"latency":143718700}
{"time":"2026-08-10T13:26:04.8997562+05:30","level":"INFO","msg":"request","request_id":"288b3012-75cb-4ca8-8f3a-e98d92187625","method":"GET","path":"/integrations/shopify","status":200,"latency":72313700}
{"time":"2026-08-10T13:26:04.9428058+05:30","level":"INFO","msg":"request","request_id":"0ba83e5d-8259-428f-8bb9-307e9e54e88b","method":"GET","path":"/brands","status":200,"latency":772136500}
{"time":"2026-08-10T13:26:05.1478191+05:30","level":"INFO","msg":"request","request_id":"b1bd852e-ad3b-459b-9e7d-18ace4a734b9","method":"GET","path":"/integrations/shopify","status":200,"latency":386214500}
{"time":"2026-08-10T13:26:05.5556637+05:30","level":"INFO","msg":"request","request_id":"5e721eb7-5ffd-462a-9939-51f0c1ac1392","method":"GET","path":"/brands/testing-store/connections","status":200,"latency":833078500}
{"time":"2026-08-10T13:26:05.5659798+05:30","level":"INFO","msg":"request","request_id":"5f91c9d4-0a9c-438f-929c-6893d5807f88","method":"GET","path":"/brands","status":200,"latency":74096000}
{"time":"2026-08-10T13:26:05.7151871+05:30","level":"INFO","msg":"request","request_id":"ceab7e54-6282-4bca-87c1-abfe4350e4a4","method":"GET","path":"/integrations/shopify","status":200,"latency":831073300}
{"time":"2026-08-10T13:26:05.9887655+05:30","level":"INFO","msg":"request","request_id":"04512c77-376e-4472-988d-31c12a83490d","method":"GET","path":"/orders","status":200,"latency":144565700}
{"time":"2026-08-10T13:26:06.3983493+05:30","level":"INFO","msg":"request","request_id":"621a28f8-c231-473a-8d5c-9ca67d5094b7","method":"GET","path":"/brands","status":200,"latency":72166900}
{"time":"2026-08-10T13:26:06.6115953+05:30","level":"INFO","msg":"request","request_id":"97c131d5-515b-4d00-aef3-76d77389c7db","method":"GET","path":"/brands/testing-store/connections","status":200,"latency":594318800}
{"time":"2026-08-10T13:26:06.6693632+05:30","level":"INFO","msg":"request","request_id":"134f0509-891c-464f-bb8f-5a3a09a468f5","method":"GET","path":"/orders","status":200,"latency":681102700}
{"time":"2026-08-10T13:26:06.6941623+05:30","level":"INFO","msg":"request","request_id":"8eb91fe5-b711-4733-822a-0aff0720e2df","method":"GET","path":"/integrations/shopify","status":200,"latency":73007300}
{"time":"2026-08-10T13:26:06.7781199+05:30","level":"INFO","msg":"request","request_id":"eccbf865-b419-48e9-a3d6-cda60f15e1af","method":"GET","path":"/integrations/shopify","status":200,"latency":91618100}
{"time":"2026-08-10T13:26:06.8548401+05:30","level":"INFO","msg":"request","request_id":"d539268f-84f9-41cf-92bc-bf87420514a7","method":"GET","path":"/orders","status":200,"latency":118857600}
{"time":"2026-08-10T13:26:07.1162002+05:30","level":"INFO","msg":"request","request_id":"4ce1a0b9-90b5-4432-ae91-bece7d3a9685","method":"GET","path":"/brands/testing-store/connections","status":200,"latency":145389200}
{"time":"2026-08-10T13:26:07.2001113+05:30","level":"INFO","msg":"request","request_id":"e51d4f44-311e-4fb3-944f-73bf99ad41a1","method":"GET","path":"/integrations/shopify","status":200,"latency":72680500}
{"time":"2026-08-10T13:26:07.2523724+05:30","level":"INFO","msg":"request","request_id":"6a8030de-bca6-4465-aea9-042858bb27f2","method":"GET","path":"/brands/testing-store/connections","status":200,"latency":142721100}
{"time":"2026-08-10T13:26:07.3436414+05:30","level":"INFO","msg":"request","request_id":"bf980327-0a25-474b-904f-ed3e7db6b144","method":"GET","path":"/brands","status":200,"latency":144804500}
{"time":"2026-08-10T13:26:07.348765+05:30","level":"INFO","msg":"request","request_id":"e582d6ac-5a75-40ec-9779-01c994cdb2e7","method":"GET","path":"/brands/testing-store/connections","status":200,"latency":448114900}
{"time":"2026-08-10T13:26:07.4241358+05:30","level":"INFO","msg":"request","request_id":"8041b47b-f244-44bc-936a-ab33143ce96a","method":"GET","path":"/brands","status":200,"latency":77549500}
{"time":"2026-08-10T13:26:08.3916585+05:30","level":"INFO","msg":"request","request_id":"45a2e226-cefd-4a1d-aa7f-2ea0e0e380a4","method":"GET","path":"/orders","status":200,"latency":145340000}
{"time":"2026-08-10T13:26:08.4046094+05:30","level":"INFO","msg":"request","request_id":"7c5d2d0c-dc48-46ea-b533-b907d54cfaf6","method":"GET","path":"/brands","status":200,"latency":145342800}
{"time":"2026-08-10T13:26:08.5069353+05:30","level":"INFO","msg":"request","request_id":"9444164a-5c59-4406-9017-153da760d1b1","method":"GET","path":"/brands","status":200,"latency":374663200}
{"time":"2026-08-10T13:26:08.570446+05:30","level":"INFO","msg":"request","request_id":"937d0853-db4d-42b7-b872-1539caf51bbb","method":"GET","path":"/orders","status":200,"latency":381935900}
{"time":"2026-08-10T13:26:08.5899073+05:30","level":"INFO","msg":"request","request_id":"135e6394-774c-4465-8516-80fdaed20acc","method":"GET","path":"/orders","status":200,"latency":219590900}
{"time":"2026-08-10T13:26:08.7495705+05:30","level":"INFO","msg":"request","request_id":"8f2c8a18-2062-4265-a291-48a2345fe358","method":"GET","path":"/orders","status":200,"latency":457182800}
{"time":"2026-08-10T13:26:08.7800496+05:30","level":"INFO","msg":"request","request_id":"878aa69d-642c-47e4-b8d2-574976519b88","method":"GET","path":"/brands/testing-store/connections","status":200,"latency":147107300}
{"time":"2026-08-10T13:26:08.863917+05:30","level":"INFO","msg":"request","request_id":"256c24a9-3e7f-48eb-a8fb-7c1e284406e9","method":"GET","path":"/brands/testing-store/connections","status":200,"latency":459307600}
{"time":"2026-08-10T13:26:08.8972447+05:30","level":"INFO","msg":"request","request_id":"e76af39d-05ee-4c1a-9b90-1edcffd1f812","method":"GET","path":"/brands","status":200,"latency":688592900}
{"time":"2026-08-10T13:26:08.954652+05:30","level":"INFO","msg":"request","request_id":"a562caca-12dd-421d-9246-53bc529c4331","method":"GET","path":"/integrations/shopify","status":200,"latency":73273500}
{"time":"2026-08-10T13:26:09.0119317+05:30","level":"INFO","msg":"request","request_id":"8b9faaf9-f099-4177-abbe-68c5176ee360","method":"GET","path":"/integrations/shopify","status":200,"latency":216020200}
{"time":"2026-08-10T13:26:09.1690477+05:30","level":"INFO","msg":"request","request_id":"e8b9d7b3-a58c-4471-a4aa-36699fd3b37d","method":"GET","path":"/integrations/shopify","status":200,"latency":382960800}
{"time":"2026-08-10T13:26:09.2265367+05:30","level":"INFO","msg":"request","request_id":"e515d62e-86a1-4cc4-9e45-56971f80f695","method":"GET","path":"/brands/testing-store/connections","status":200,"latency":600531000}
{"time":"2026-08-10T13:26:09.4331187+05:30","level":"INFO","msg":"request","request_id":"32f7ba1e-a23f-4a4b-8e7e-72741ec4630f","method":"GET","path":"/integrations/shopify","status":200,"latency":143228300}
{"time":"2026-08-10T13:26:09.662578+05:30","level":"INFO","msg":"request","request_id":"7cbc5f75-424c-4490-b3aa-700c7570c018","method":"GET","path":"/brands/testing-store/connections","status":200,"latency":904787100}
{"time":"2026-08-10T13:26:09.9938698+05:30","level":"INFO","msg":"request","request_id":"5a4cfa3d-b2cd-4e3b-87ac-0f074cef9954","method":"GET","path":"/brands","status":200,"latency":72315900}
{"time":"2026-08-10T13:26:10.272665+05:30","level":"INFO","msg":"request","request_id":"8fc86eac-c3de-4e21-9ac3-d194f864676b","method":"GET","path":"/brands","status":200,"latency":699103100}
{"time":"2026-08-10T13:26:10.8862784+05:30","level":"INFO","msg":"request","request_id":"78b60aeb-5e13-4d7c-b650-ddb7c5af312c","method":"GET","path":"/orders","status":200,"latency":407705000}
{"time":"2026-08-10T13:26:11.3730531+05:30","level":"INFO","msg":"request","request_id":"e22d66d5-c69e-4e06-9dd6-64ba7505b11a","method":"GET","path":"/brands/testing-store/connections","status":200,"latency":473707600}
{"time":"2026-08-10T13:26:11.9169277+05:30","level":"INFO","msg":"request","request_id":"06503e8f-9777-42e5-b65d-ecc8bdf92e98","method":"GET","path":"/integrations/shopify","status":200,"latency":535793400}
{"time":"2026-08-10T13:26:14.5816099+05:30","level":"INFO","msg":"request","request_id":"ba32906e-5700-46a6-8e5c-911fa4b2f634","method":"GET","path":"/brands","status":200,"latency":148392100}
{"time":"2026-08-10T13:26:14.7179587+05:30","level":"INFO","msg":"request","request_id":"bdde6b84-344a-4b14-972b-5fadfb94caa8","method":"GET","path":"/brands","status":200,"latency":144510500}
{"time":"2026-08-10T13:26:14.9278997+05:30","level":"INFO","msg":"request","request_id":"15606bf4-e5fb-4e33-822e-2ca84b317b90","method":"GET","path":"/orders","status":200,"latency":71654500}
{"time":"2026-08-10T13:26:15.2756717+05:30","level":"INFO","msg":"request","request_id":"33ed2d56-b3a5-4dfe-9b51-d57f6d05b59f","method":"GET","path":"/brands/testing-store/connections","status":200,"latency":143898700}
{"time":"2026-08-10T13:26:15.363953+05:30","level":"INFO","msg":"request","request_id":"18f40446-9d7c-4ebd-81ca-612002e5de73","method":"GET","path":"/orders","status":200,"latency":142861200}
{"time":"2026-08-10T13:26:15.3688415+05:30","level":"INFO","msg":"request","request_id":"1fcf6af0-564f-4ac6-8dfc-d0243738d938","method":"GET","path":"/integrations/shopify","status":200,"latency":71904900}
{"time":"2026-08-10T13:26:15.3713517+05:30","level":"INFO","msg":"request","request_id":"7191f23a-be1b-4abd-b325-5159952ef5fe","method":"GET","path":"/brands","status":200,"latency":145874900}
{"time":"2026-08-10T13:26:15.5167403+05:30","level":"INFO","msg":"request","request_id":"bbf16ba7-d5f0-4d89-9c90-1eba8cafd42b","method":"GET","path":"/brands/testing-store/connections","status":200,"latency":143728900}
{"time":"2026-08-10T13:26:15.6056569+05:30","level":"INFO","msg":"request","request_id":"04f62438-be81-4bca-aa9b-bea8ae37a5e2","method":"GET","path":"/integrations/shopify","status":200,"latency":71078500}
{"time":"2026-08-10T13:26:15.6357713+05:30","level":"INFO","msg":"request","request_id":"3ab88eae-3f30-4074-aa3d-9478c8c70d9a","method":"GET","path":"/brands/testing-store/connections","status":200,"latency":143554000}
{"time":"2026-08-10T13:26:15.7659575+05:30","level":"INFO","msg":"request","request_id":"a723506f-1f65-493c-b41b-98f6c829b6c7","method":"GET","path":"/brands/testing-store/connections","status":200,"latency":763013800}
{"time":"2026-08-10T13:26:15.9202222+05:30","level":"INFO","msg":"request","request_id":"f65b0b20-1243-4c7a-a8c3-282cbc0fe84b","method":"GET","path":"/brands/testing-store/connections","status":200,"latency":453223600}
{"time":"2026-08-10T13:26:15.9361467+05:30","level":"INFO","msg":"request","request_id":"df3aa093-54a0-4cbc-872e-8f57dac91dae","method":"GET","path":"/brands","status":200,"latency":747366600}
{"time":"2026-08-10T13:26:16.4056277+05:30","level":"INFO","msg":"request","request_id":"8d9b034b-ced6-4253-8885-94a66a033563","method":"GET","path":"/brands","status":200,"latency":72085500}
{"time":"2026-08-10T13:26:18.2576159+05:30","level":"INFO","msg":"request","request_id":"f601e216-2d06-497d-98b0-2e624abd256e","method":"GET","path":"/orders","status":200,"latency":447208800}
{"time":"2026-08-10T13:26:18.7542737+05:30","level":"INFO","msg":"request","request_id":"64c62593-6325-4ce0-9077-ad6d8fe3a29e","method":"GET","path":"/brands/testing-store/connections","status":200,"latency":491921300}
{"time":"2026-08-10T13:26:18.8432272+05:30","level":"INFO","msg":"request","request_id":"b775e78a-9633-4c4f-a416-952fefe9af5d","method":"GET","path":"/integrations/shopify","status":200,"latency":77620800}
{"time":"2026-08-10T13:28:36.2875468+05:30","level":"INFO","msg":"request","request_id":"dd26c17b-6309-4b4b-8b85-7412585d14ad","method":"GET","path":"/brands","status":200,"latency":215915800}
{"time":"2026-08-10T13:28:36.3602323+05:30","level":"INFO","msg":"request","request_id":"360bda32-3b80-4866-815c-4dffe5beff1d","method":"GET","path":"/brands","status":200,"latency":141428600}
{"time":"2026-08-10T13:28:36.7444508+05:30","level":"INFO","msg":"request","request_id":"3488db2d-1617-4657-8c6a-3c2b448ce039","method":"GET","path":"/orders","status":200,"latency":72512100}
{"time":"2026-08-10T13:28:36.750486+05:30","level":"INFO","msg":"request","request_id":"15c1fbf7-d354-4513-80ce-0791af0fd3f6","method":"GET","path":"/brands","status":200,"latency":71104000}
{"time":"2026-08-10T13:28:36.8260697+05:30","level":"INFO","msg":"request","request_id":"34d99d99-b35c-46b9-a4b8-f74c641a0b6a","method":"GET","path":"/orders","status":200,"latency":142578000}
{"time":"2026-08-10T13:28:36.8614235+05:30","level":"INFO","msg":"request","request_id":"ccd38de4-bd6e-44f9-b382-42cf523cb798","method":"GET","path":"/brands","status":200,"latency":832656500}
{"time":"2026-08-10T13:28:36.8713026+05:30","level":"INFO","msg":"request","request_id":"b4644ec2-9f9b-4fa3-aa61-d6e59ba53158","method":"GET","path":"/brands","status":200,"latency":150533800}
{"time":"2026-08-10T13:28:36.937087+05:30","level":"INFO","msg":"request","request_id":"7461bd9a-af73-406d-9b8b-dcb2110ce483","method":"GET","path":"/brands","status":200,"latency":74638900}
{"time":"2026-08-10T13:28:36.9838158+05:30","level":"INFO","msg":"request","request_id":"7f584e26-c0f3-4592-9594-a2dcfaf54ae8","method":"GET","path":"/brands","status":200,"latency":824498500}
{"time":"2026-08-10T13:28:37.0272063+05:30","level":"INFO","msg":"request","request_id":"c5eaf12f-82bc-437f-aaad-a00939b39596","method":"GET","path":"/brands/testing-store/connections","status":200,"latency":144101200}
{"time":"2026-08-10T13:28:37.2717751+05:30","level":"INFO","msg":"request","request_id":"7799e378-42e8-4a7e-b4f4-46953e1e0024","method":"GET","path":"/integrations/shopify","status":200,"latency":71495000}
{"time":"2026-08-10T13:28:37.3145777+05:30","level":"INFO","msg":"request","request_id":"5880c226-156a-48ce-9dd5-6c75f4ceb83e","method":"GET","path":"/brands/testing-store/connections","status":200,"latency":449279800}
{"time":"2026-08-10T13:28:37.3155717+05:30","level":"INFO","msg":"request","request_id":"70b43c7a-af7c-4e4f-81e4-aa5a3e0fbe3c","method":"GET","path":"/integrations/shopify","status":200,"latency":72706300}
{"time":"2026-08-10T13:28:37.3244717+05:30","level":"INFO","msg":"request","request_id":"d506c141-4382-4d9c-acb1-67d8e5320ee1","method":"GET","path":"/integrations/shopify","status":200,"latency":72351600}
{"time":"2026-08-10T13:28:37.7523426+05:30","level":"INFO","msg":"request","request_id":"53b90c71-8a79-44f5-8d83-0219e81ac459","method":"GET","path":"/orders","status":200,"latency":71704000}
{"time":"2026-08-10T13:28:37.7966116+05:30","level":"INFO","msg":"request","request_id":"5a218f3d-ae44-458f-8256-33a3407fcb29","method":"GET","path":"/brands","status":200,"latency":71580000}
{"time":"2026-08-10T13:28:37.8270355+05:30","level":"INFO","msg":"request","request_id":"2ea6c569-7d8f-4a8e-a823-656c3be0888e","method":"GET","path":"/brands","status":200,"latency":149297800}
{"time":"2026-08-10T13:28:38.1200981+05:30","level":"INFO","msg":"request","request_id":"cabf02e7-b9b2-453f-84ff-ab5e24619d42","method":"GET","path":"/orders","status":200,"latency":392175100}
{"time":"2026-08-10T13:28:38.3317644+05:30","level":"INFO","msg":"request","request_id":"05795a29-628f-42c9-b600-e320c304d742","method":"GET","path":"/brands/testing-store/connections","status":200,"latency":143265300}
{"time":"2026-08-10T13:28:38.429496+05:30","level":"INFO","msg":"request","request_id":"c79f610a-9d76-49dd-ae13-124f81b7164e","method":"GET","path":"/integrations/shopify","status":200,"latency":72473400}
{"time":"2026-08-10T13:28:38.4528854+05:30","level":"INFO","msg":"request","request_id":"50716a3e-fc62-41e4-8bff-875080692de6","method":"GET","path":"/brands","status":200,"latency":73726900}
{"time":"2026-08-10T13:28:38.6186144+05:30","level":"INFO","msg":"request","request_id":"3cdfae90-a868-4760-8e66-0cf3a1ce1c47","method":"GET","path":"/brands/testing-store/connections","status":200,"latency":760352600}
{"time":"2026-08-10T13:28:39.0692257+05:30","level":"INFO","msg":"request","request_id":"bd020a50-1923-4229-b62a-a13cbd8729f1","method":"GET","path":"/orders","status":200,"latency":74345700}
{"time":"2026-08-10T13:28:39.438785+05:30","level":"INFO","msg":"request","request_id":"bc64e39a-6c27-4e19-b00f-1db536ce45b3","method":"GET","path":"/orders","status":200,"latency":78696700}
{"time":"2026-08-10T13:28:39.6154826+05:30","level":"INFO","msg":"request","request_id":"4a84105f-e1a1-4c68-bb7d-7708f5ae24d0","method":"GET","path":"/brands/testing-store/connections","status":200,"latency":537949200}
{"time":"2026-08-10T13:28:39.6962631+05:30","level":"INFO","msg":"request","request_id":"f3bdb7c9-f454-47a6-9986-e4f1769500ca","method":"GET","path":"/integrations/shopify","status":200,"latency":73348100}
{"time":"2026-08-10T13:28:39.9288131+05:30","level":"INFO","msg":"request","request_id":"7594814f-91fd-4873-a1be-0ad7e932213c","method":"GET","path":"/brands/testing-store/connections","status":200,"latency":484563400}
{"time":"2026-08-10T13:28:40.0069529+05:30","level":"INFO","msg":"request","request_id":"151bd918-8403-445a-bc27-6ced9eed4f53","method":"GET","path":"/integrations/shopify","status":200,"latency":72570600}
{"time":"2026-08-10T13:29:39.8625326+05:30","level":"INFO","msg":"request","request_id":"973e8e01-42b3-434f-8a98-01001ba2c645","method":"GET","path":"/orders","status":200,"latency":215394000}
{"time":"2026-08-10T13:29:39.8875744+05:30","level":"INFO","msg":"request","request_id":"e5b9d68f-4a0a-4a88-abb8-40ef362790e0","method":"GET","path":"/brands","status":200,"latency":286139300}
{"time":"2026-08-10T13:29:40.3252238+05:30","level":"INFO","msg":"request","request_id":"05a79fef-d458-4f02-9729-95272f76f29c","method":"GET","path":"/brands/testing-store/connections","status":200,"latency":448910100}
{"time":"2026-08-10T13:29:40.4082197+05:30","level":"INFO","msg":"request","request_id":"d16cd14b-12fe-4368-998c-960e805372a5","method":"GET","path":"/integrations/shopify","status":200,"latency":73924300}
{"time":"2026-08-10T13:29:40.7709488+05:30","level":"INFO","msg":"request","request_id":"93b5a9aa-6efb-4747-9e8f-d4f6588f7167","method":"GET","path":"/brands","status":200,"latency":73624300}
{"time":"2026-08-10T13:29:40.8144985+05:30","level":"INFO","msg":"request","request_id":"a2354cdc-b4e9-49d9-ad2b-1da187d05dbd","method":"GET","path":"/brands","status":200,"latency":75284600}
{"time":"2026-08-10T13:29:41.0040625+05:30","level":"INFO","msg":"request","request_id":"576a0058-7f11-46ad-b38a-7ae97d864ac7","method":"GET","path":"/orders","status":200,"latency":144797600}
{"time":"2026-08-10T13:29:41.2971242+05:30","level":"INFO","msg":"request","request_id":"a8f4e832-f9b3-4fe8-80da-5a752d4691be","method":"GET","path":"/brands/testing-store/connections","status":200,"latency":287513600}
{"time":"2026-08-10T13:29:41.6841659+05:30","level":"INFO","msg":"request","request_id":"d3581083-edce-4775-9113-7c716fa7af3e","method":"GET","path":"/integrations/shopify","status":200,"latency":381078000}
{"time":"2026-08-10T13:29:42.198208+05:30","level":"INFO","msg":"request","request_id":"a0c6c88d-dada-47a2-a51a-0e870db5db25","method":"GET","path":"/brands","status":200,"latency":72878700}
exit status 0xffffffff
