[GIN-debug] [WARNING] Running in "debug" mode. Switch to "release" mode in production.
 - using env:	export GIN_MODE=release
 - using code:	gin.SetMode(gin.ReleaseMode)

[GIN-debug] GET    /health                   --> github.com/Optiminastic/tensor-core/internal/httpapi.(*Server).Router.func1 (4 handlers)
[GIN-debug] GET    /ready                    --> github.com/Optiminastic/tensor-core/internal/httpapi.(*Server).readiness-fm (4 handlers)
[GIN-debug] POST   /pricing/design-cp        --> github.com/Optiminastic/tensor-core/internal/httpapi.(*Server).postDesignCP-fm (4 handlers)
[GIN-debug] POST   /pricing/selling-price    --> github.com/Optiminastic/tensor-core/internal/httpapi.(*Server).postSellingPrice-fm (4 handlers)
[GIN-debug] POST   /pricing/status           --> github.com/Optiminastic/tensor-core/internal/httpapi.(*Server).postStatus-fm (4 handlers)
[GIN-debug] GET    /config/materials         --> github.com/Optiminastic/tensor-core/internal/httpapi.(*Server).listMaterials-fm (6 handlers)
[GIN-debug] POST   /config/materials         --> github.com/Optiminastic/tensor-core/internal/httpapi.(*Server).createMaterial-fm (6 handlers)
[GIN-debug] GET    /config/materials/:id     --> github.com/Optiminastic/tensor-core/internal/httpapi.(*Server).getMaterial-fm (6 handlers)
[GIN-debug] PATCH  /config/materials/:id     --> github.com/Optiminastic/tensor-core/internal/httpapi.(*Server).updateMaterial-fm (6 handlers)
[GIN-debug] GET    /config/machines          --> github.com/Optiminastic/tensor-core/internal/httpapi.(*Server).listMachines-fm (6 handlers)
[GIN-debug] POST   /config/machines          --> github.com/Optiminastic/tensor-core/internal/httpapi.(*Server).createMachine-fm (6 handlers)
[GIN-debug] GET    /config/cost-assumptions  --> github.com/Optiminastic/tensor-core/internal/httpapi.(*Server).listCostAssumptions-fm (6 handlers)
[GIN-debug] POST   /config/cost-assumptions  --> github.com/Optiminastic/tensor-core/internal/httpapi.(*Server).createCostAssumption-fm (6 handlers)
[GIN-debug] GET    /config/cost-assumptions/:id --> github.com/Optiminastic/tensor-core/internal/httpapi.(*Server).getCostAssumption-fm (6 handlers)
[GIN-debug] PATCH  /config/cost-assumptions/:id --> github.com/Optiminastic/tensor-core/internal/httpapi.(*Server).updateCostAssumption-fm (6 handlers)
[GIN-debug] POST   /admin/invites            --> github.com/Optiminastic/tensor-core/internal/httpapi.(*Server).createInvite-fm (6 handlers)
[GIN-debug] GET    /admin/invites            --> github.com/Optiminastic/tensor-core/internal/httpapi.(*Server).listInvites-fm (6 handlers)
[GIN-debug] POST   /admin/invites/:invite_id/revoke --> github.com/Optiminastic/tensor-core/internal/httpapi.(*Server).revokeInvite-fm (6 handlers)
[GIN-debug] GET    /projects                 --> github.com/Optiminastic/tensor-core/internal/httpapi.(*Server).listProjects-fm (6 handlers)
[GIN-debug] POST   /projects                 --> github.com/Optiminastic/tensor-core/internal/httpapi.(*Server).createProject-fm (6 handlers)
[GIN-debug] GET    /projects/:id             --> github.com/Optiminastic/tensor-core/internal/httpapi.(*Server).getProject-fm (6 handlers)
[GIN-debug] PATCH  /projects/:id             --> github.com/Optiminastic/tensor-core/internal/httpapi.(*Server).updateProject-fm (6 handlers)
[GIN-debug] GET    /brands                   --> github.com/Optiminastic/tensor-core/internal/httpapi.(*Server).listBrands-fm (6 handlers)
[GIN-debug] POST   /brands                   --> github.com/Optiminastic/tensor-core/internal/httpapi.(*Server).createBrand-fm (6 handlers)
[GIN-debug] GET    /brands/:slug             --> github.com/Optiminastic/tensor-core/internal/httpapi.(*Server).getBrand-fm (6 handlers)
[GIN-debug] PATCH  /brands/:slug             --> github.com/Optiminastic/tensor-core/internal/httpapi.(*Server).updateBrand-fm (6 handlers)
[GIN-debug] DELETE /brands/:slug             --> github.com/Optiminastic/tensor-core/internal/httpapi.(*Server).deleteBrand-fm (6 handlers)
[GIN-debug] GET    /brands/:slug/connections --> github.com/Optiminastic/tensor-core/internal/httpapi.(*Server).listConnections-fm (6 handlers)
[GIN-debug] PUT    /brands/:slug/connections/:provider --> github.com/Optiminastic/tensor-core/internal/httpapi.(*Server).upsertConnection-fm (6 handlers)
[GIN-debug] DELETE /brands/:slug/connections/:provider --> github.com/Optiminastic/tensor-core/internal/httpapi.(*Server).deleteConnection-fm (6 handlers)
[GIN-debug] GET    /brands/:slug/shopify-products --> github.com/Optiminastic/tensor-core/internal/httpapi.(*Server).listShopifyProducts-fm (6 handlers)
[GIN-debug] GET    /designs                  --> github.com/Optiminastic/tensor-core/internal/httpapi.(*Server).listDesigns-fm (6 handlers)
[GIN-debug] POST   /designs                  --> github.com/Optiminastic/tensor-core/internal/httpapi.(*Server).createDesign-fm (6 handlers)
[GIN-debug] GET    /designs/:id              --> github.com/Optiminastic/tensor-core/internal/httpapi.(*Server).getDesign-fm (6 handlers)
[GIN-debug] GET    /designs/:id/model        --> github.com/Optiminastic/tensor-core/internal/httpapi.(*Server).downloadModel-fm (6 handlers)
[GIN-debug] GET    /designs/:id/gcode        --> github.com/Optiminastic/tensor-core/internal/httpapi.(*Server).downloadGcode-fm (6 handlers)
[GIN-debug] POST   /designs/:id/resubmit     --> github.com/Optiminastic/tensor-core/internal/httpapi.(*Server).resubmitDesign-fm (6 handlers)
[GIN-debug] PATCH  /designs/:id/sku          --> github.com/Optiminastic/tensor-core/internal/httpapi.(*Server).setDesignSku-fm (6 handlers)
[GIN-debug] PATCH  /designs/:id/machine      --> github.com/Optiminastic/tensor-core/internal/httpapi.(*Server).updateDesignMachine-fm (6 handlers)
[GIN-debug] POST   /designs/:id/publish-shopify --> github.com/Optiminastic/tensor-core/internal/httpapi.(*Server).publishDesignToShopify-fm (6 handlers)
[GIN-debug] POST   /files                    --> github.com/Optiminastic/tensor-core/internal/httpapi.(*Server).uploadFile-fm (6 handlers)
[GIN-debug] GET    /files/:id                --> github.com/Optiminastic/tensor-core/internal/httpapi.(*Server).downloadFile-fm (6 handlers)
[GIN-debug] GET    /orders                   --> github.com/Optiminastic/tensor-core/internal/httpapi.(*Server).listOrders-fm (6 handlers)
[GIN-debug] GET    /orders/:id               --> github.com/Optiminastic/tensor-core/internal/httpapi.(*Server).getOrder-fm (6 handlers)
[GIN-debug] GET    /production-jobs          --> github.com/Optiminastic/tensor-core/internal/httpapi.(*Server).listProductionJobs-fm (6 handlers)
[GIN-debug] GET    /production-jobs/:id      --> github.com/Optiminastic/tensor-core/internal/httpapi.(*Server).getProductionJob-fm (6 handlers)
[GIN-debug] POST   /production-jobs          --> github.com/Optiminastic/tensor-core/internal/httpapi.(*Server).createProductionJob-fm (6 handlers)
[GIN-debug] PATCH  /production-jobs/:id      --> github.com/Optiminastic/tensor-core/internal/httpapi.(*Server).patchProductionJob-fm (6 handlers)
[GIN-debug] POST   /production-jobs/from-order/:order_id --> github.com/Optiminastic/tensor-core/internal/httpapi.(*Server).createJobsFromOrder-fm (6 handlers)
[GIN-debug] POST   /production-jobs/:id/personalisation --> github.com/Optiminastic/tensor-core/internal/httpapi.(*Server).validatePersonalisation-fm (6 handlers)
[GIN-debug] POST   /production-jobs/:id/print-file --> github.com/Optiminastic/tensor-core/internal/httpapi.(*Server).setPrintFile-fm (6 handlers)
[GIN-debug] POST   /production-jobs/:id/fail --> github.com/Optiminastic/tensor-core/internal/httpapi.(*Server).failProductionJob-fm (6 handlers)
[GIN-debug] POST   /production-jobs/:id/assembly --> github.com/Optiminastic/tensor-core/internal/httpapi.(*Server).submitAssembly-fm (6 handlers)
[GIN-debug] POST   /production-jobs/:id/assembly/skip --> github.com/Optiminastic/tensor-core/internal/httpapi.(*Server).skipAssembly-fm (6 handlers)
[GIN-debug] POST   /production-jobs/:id/qc   --> github.com/Optiminastic/tensor-core/internal/httpapi.(*Server).submitQc-fm (6 handlers)
[GIN-debug] POST   /production-jobs/:id/packaging --> github.com/Optiminastic/tensor-core/internal/httpapi.(*Server).submitPackaging-fm (6 handlers)
[GIN-debug] GET    /batches                  --> github.com/Optiminastic/tensor-core/internal/httpapi.(*Server).listBatches-fm (6 handlers)
[GIN-debug] POST   /batches                  --> github.com/Optiminastic/tensor-core/internal/httpapi.(*Server).createBatch-fm (6 handlers)
[GIN-debug] POST   /batches/auto-create      --> github.com/Optiminastic/tensor-core/internal/httpapi.(*Server).autoCreateBatches-fm (6 handlers)
[GIN-debug] GET    /batches/:id              --> github.com/Optiminastic/tensor-core/internal/httpapi.(*Server).getBatch-fm (6 handlers)
[GIN-debug] PATCH  /batches/:id              --> github.com/Optiminastic/tensor-core/internal/httpapi.(*Server).patchBatch-fm (6 handlers)
[GIN-debug] GET    /batches/:id/preview      --> github.com/Optiminastic/tensor-core/internal/httpapi.(*Server).previewBatch-fm (6 handlers)
[GIN-debug] POST   /batches/:id/approve      --> github.com/Optiminastic/tensor-core/internal/httpapi.(*Server).approveBatch-fm (6 handlers)
[GIN-debug] GET    /batches/:id/compatible-jobs --> github.com/Optiminastic/tensor-core/internal/httpapi.(*Server).listCompatibleJobs-fm (6 handlers)
[GIN-debug] POST   /batches/:id/jobs         --> github.com/Optiminastic/tensor-core/internal/httpapi.(*Server).addJobsToBatch-fm (6 handlers)
[GIN-debug] DELETE /batches/:id/jobs/:jobId  --> github.com/Optiminastic/tensor-core/internal/httpapi.(*Server).removeJobFromBatch-fm (6 handlers)
[GIN-debug] GET    /filament-inventory       --> github.com/Optiminastic/tensor-core/internal/httpapi.(*Server).listFilament-fm (6 handlers)
[GIN-debug] POST   /filament-inventory       --> github.com/Optiminastic/tensor-core/internal/httpapi.(*Server).upsertFilament-fm (6 handlers)
[GIN-debug] GET    /machines                 --> github.com/Optiminastic/tensor-core/internal/httpapi.(*Server).listMachineOps-fm (6 handlers)
[GIN-debug] GET    /machines/suggested       --> github.com/Optiminastic/tensor-core/internal/httpapi.(*Server).suggestedMachine-fm (6 handlers)
[GIN-debug] GET    /machines/profile-options --> github.com/Optiminastic/tensor-core/internal/httpapi.(*Server).machineProfileOptions-fm (6 handlers)
[GIN-debug] GET    /machines/:id             --> github.com/Optiminastic/tensor-core/internal/httpapi.(*Server).getMachineOps-fm (6 handlers)
[GIN-debug] POST   /machines                 --> github.com/Optiminastic/tensor-core/internal/httpapi.(*Server).createMachineProfile-fm (6 handlers)
[GIN-debug] PATCH  /machines/:id             --> github.com/Optiminastic/tensor-core/internal/httpapi.(*Server).updateMachine-fm (6 handlers)
[GIN-debug] DELETE /machines/:id             --> github.com/Optiminastic/tensor-core/internal/httpapi.(*Server).deleteMachine-fm (6 handlers)
[GIN-debug] GET    /machine-fleet            --> github.com/Optiminastic/tensor-core/internal/httpapi.(*Server).listFleetMachines-fm (6 handlers)
[GIN-debug] GET    /machine-fleet/:id        --> github.com/Optiminastic/tensor-core/internal/httpapi.(*Server).getFleetMachine-fm (6 handlers)
[GIN-debug] GET    /machine-fleet/:id/queue  --> github.com/Optiminastic/tensor-core/internal/httpapi.(*Server).getFleetMachineQueue-fm (6 handlers)
[GIN-debug] GET    /dispatch-orders          --> github.com/Optiminastic/tensor-core/internal/httpapi.(*Server).listDispatch-fm (6 handlers)
[GIN-debug] POST   /dispatch-orders          --> github.com/Optiminastic/tensor-core/internal/httpapi.(*Server).createDispatch-fm (6 handlers)
[GIN-debug] GET    /dispatch-orders/:id      --> github.com/Optiminastic/tensor-core/internal/httpapi.(*Server).getDispatch-fm (6 handlers)
[GIN-debug] POST   /dispatch-orders/:id/dispatch --> github.com/Optiminastic/tensor-core/internal/httpapi.(*Server).markDispatched-fm (6 handlers)
[GIN-debug] GET    /integrations/shopify/oauth/callback --> github.com/Optiminastic/tensor-core/internal/httpapi.(*Server).shopifyCallback-fm (4 handlers)
[GIN-debug] GET    /integrations/shopify/authorize --> github.com/Optiminastic/tensor-core/internal/httpapi.(*Server).shopifyAuthorize-fm (6 handlers)
[GIN-debug] GET    /integrations/shopify     --> github.com/Optiminastic/tensor-core/internal/httpapi.(*Server).listShopifyConnections-fm (6 handlers)
[GIN-debug] DELETE /integrations/shopify/:id --> github.com/Optiminastic/tensor-core/internal/httpapi.(*Server).deleteShopifyConnection-fm (6 handlers)
[GIN-debug] POST   /webhooks/shopify/orders-paid --> github.com/Optiminastic/tensor-core/internal/httpapi.(*Server).ordersPaidWebhook-fm (4 handlers)
[GIN-debug] POST   /webhooks/shopify/orders-create --> github.com/Optiminastic/tensor-core/internal/httpapi.(*Server).ordersCreateWebhook-fm (4 handlers)
[GIN-debug] GET    /internal/users/:user_id/authz --> github.com/Optiminastic/tensor-core/internal/httpapi.(*Server).internalUserAuthz-fm (5 handlers)
[GIN-debug] GET    /internal/bootstrap-status --> github.com/Optiminastic/tensor-core/internal/httpapi.(*Server).internalBootstrapStatus-fm (5 handlers)
[GIN-debug] POST   /internal/bootstrap-admin --> github.com/Optiminastic/tensor-core/internal/httpapi.(*Server).internalBootstrapAdmin-fm (5 handlers)
[GIN-debug] GET    /internal/invites/:token  --> github.com/Optiminastic/tensor-core/internal/httpapi.(*Server).internalCheckInvite-fm (5 handlers)
[GIN-debug] POST   /internal/invites/accept  --> github.com/Optiminastic/tensor-core/internal/httpapi.(*Server).internalAcceptInvite-fm (5 handlers)
